---
source: projects/vb6parse/tests/invalid_syntax/missing_end.rs
expression: tree
---
root:
  kind: Root
  children:
    - kind: Newline
      text: "\n"
    - kind: TypeStatement
      children:
        - kind: TypeKeyword
          text: Type
        - kind: Whitespace
          text: " "
        - kind: Identifier
          text: Point
        - kind: Newline
          text: "\n"
        - kind: StatementList
          children:
            - kind: Whitespace
              text: "    "
            - kind: Identifier
              text: X
            - kind: Whitespace
              text: " "
            - kind: AsKeyword
              text: As
            - kind: Whitespace
              text: " "
            - kind: LongKeyword
              text: Long
            - kind: Newline
              text: "\n"
            - kind: Whitespace
              text: "    "
            - kind: Identifier
              text: Y
            - kind: Whitespace
              text: " "
            - kind: AsKeyword
              text: As
            - kind: Whitespace
              text: " "
            - kind: LongKeyword
              text: Long
            - kind: Newline
              text: "\n"
        - kind: ErrorRecovery
          children:
            - kind: ErrorExpectedTokens
              text: End Type
    - kind: SubStatement
      children:
        - kind: SubKeyword
          text: Sub
        - kind: Whitespace
          text: " "
        - kind: Identifier
          text: Test
        - kind: ParameterList
          children:
            - kind: LeftParenthesis
              text: (
            - kind: RightParenthesis
              text: )
        - kind: Newline
          text: "\n"
        - kind: StatementList
          children:
            - kind: Whitespace
              text: "    "
            - kind: CallStatement
              children:
                - kind: Identifier
                  text: Debug
                - kind: PeriodOperator
                  text: "."
                - kind: PrintKeyword
                  text: Print
                - kind: Whitespace
                  text: " "
                - kind: ArgumentList
                  children:
                    - kind: Argument
                      children:
                        - kind: NumericLiteralExpression
                          children:
                            - kind: IntegerLiteral
                              text: "1"
                - kind: Newline
                  text: "\n"
        - kind: EndKeyword
          text: End
        - kind: Whitespace
          text: " "
        - kind: SubKeyword
          text: Sub
        - kind: Newline
          text: "\n"
