---
source: projects/vb6parse/tests/filesystem/chdir.rs
expression: tree
---
root:
  kind: Root
  children:
    - kind: Newline
      text: "\n"
    - kind: ChDirStatement
      children:
        - kind: ChDirKeyword
          text: ChDir
        - kind: Whitespace
          text: " "
        - kind: StringLiteralExpression
          children:
            - kind: StringLiteral
              text: "\"C:\\Temp\""
    - kind: Newline
      text: "\n"
