---
source: projects/vb6parse/src/syntax/statements/system_interaction/savesetting.rs
expression: tree
---
root:
  kind: Root
  children:
    - kind: SaveSettingStatement
      children:
        - kind: SaveSettingKeyword
          text: SaveSetting
        - kind: Whitespace
          text: " "
        - kind: ArgumentList
          children:
            - kind: Argument
              children:
                - kind: StringLiteralExpression
                  children:
                    - kind: StringLiteral
                      text: "\"MyApp\""
            - kind: Comma
              text: ","
            - kind: Whitespace
              text: " "
            - kind: Argument
              children:
                - kind: StringLiteralExpression
                  children:
                    - kind: StringLiteral
                      text: "\"Settings\""
            - kind: Comma
              text: ","
            - kind: Whitespace
              text: " "
            - kind: Argument
              children:
                - kind: StringLiteralExpression
                  children:
                    - kind: StringLiteral
                      text: "\"Value\""
            - kind: Comma
              text: ","
            - kind: Whitespace
              text: " "
            - kind: Argument
              children:
                - kind: StringLiteralExpression
                  children:
                    - kind: StringLiteral
                      text: "\"Data\""
    - kind: Newline
      text: "\n"
