---
source: projects/vb6parse/tests/invalid_syntax/mismatched_keywords.rs
expression: failure_messages
---
- "ErrorDetails { source_name: \"test.bas\", source_content: \"\\nFunction Calculate(x As Integer) As Integer\\n    Calculate = x * 2\\nEnd Sub\\n\", error_offset: 74, line_start: 4, line_end: 5, kind: Parser(UnexpectedTokens { expected: [\"statement\"], found: [EndKeyword, Whitespace, SubKeyword] }), severity: Error, labels: [], notes: [] }"
