---
source: projects/vb6parse/tests/invalid_syntax/mismatched_keywords.rs
expression: failure_messages
---
- "ErrorDetails { source_name: \"test.bas\", source_content: \"\\nProperty Get Name() As String\\n    Name = m_name\\nEnd Sub\\n\", error_offset: 56, line_start: 4, line_end: 5, kind: Parser(UnexpectedTokens { expected: [\"statement\"], found: [EndKeyword, Whitespace, SubKeyword] }), severity: Error, labels: [], notes: [] }"
