---
source: projects/vb6parse/tests/invalid_syntax/mismatched_keywords.rs
expression: failure_messages
---
- "ErrorDetails { source_name: \"test.bas\", source_content: \"\\nSub TestSub()\\n    Dim x As Integer\\n    x = 10\\nEnd Function\\n\", error_offset: 59, line_start: 5, line_end: 6, kind: Parser(UnexpectedTokens { expected: [\"statement\"], found: [EndKeyword, Whitespace, FunctionKeyword] }), severity: Error, labels: [], notes: [] }"
