---
source: projects/vb6parse/tests/class/environment.rs
expression: class
---
header:
  version:
    major: 1
    minor: 0
  properties:
    multi_use: MultiUse
    persistable: NotPersistable
    data_binding_behavior: None
    data_source_behavior: None
    mts_transaction_mode: NotAnMTSObject
  attributes:
    name: iBoxArray
    global_name_space: Local
    creatable: "True"
    predeclared_id: "False"
    exposed: "True"
    description: ~
    ext_key: {}
cst:
  root:
    kind: Root
    children:
      - kind: EndOfLineComment
        text: "' Public myarrbase As Long"
      - kind: Newline
        text: "\r\n"
      - kind: Newline
        text: "\r\n"
      - kind: PropertyStatement
        children:
          - kind: PublicKeyword
            text: Public
          - kind: Whitespace
            text: " "
          - kind: PropertyKeyword
            text: Property
          - kind: Whitespace
            text: " "
          - kind: GetKeyword
            text: Get
          - kind: Whitespace
            text: " "
          - kind: Identifier
            text: CodeName
          - kind: ParameterList
            children:
              - kind: LeftParenthesis
                text: (
              - kind: RightParenthesis
                text: )
          - kind: Whitespace
            text: " "
          - kind: AsKeyword
            text: As
          - kind: Whitespace
            text: " "
          - kind: StringKeyword
            text: String
          - kind: Newline
            text: "\r\n"
          - kind: StatementList
            children:
              - kind: Newline
                text: "\r\n"
          - kind: EndKeyword
            text: End
          - kind: Whitespace
            text: " "
          - kind: PropertyKeyword
            text: Property
          - kind: Newline
            text: "\r\n"
      - kind: Newline
        text: "\r\n"
      - kind: PropertyStatement
        children:
          - kind: PublicKeyword
            text: Public
          - kind: Whitespace
            text: " "
          - kind: PropertyKeyword
            text: Property
          - kind: Whitespace
            text: " "
          - kind: LetKeyword
            text: Let
          - kind: Whitespace
            text: " "
          - kind: Identifier
            text: CodeName
          - kind: ParameterList
            children:
              - kind: LeftParenthesis
                text: (
              - kind: Identifier
                text: vNewValue
              - kind: Whitespace
                text: " "
              - kind: AsKeyword
                text: As
              - kind: Whitespace
                text: " "
              - kind: StringKeyword
                text: String
              - kind: RightParenthesis
                text: )
          - kind: Newline
            text: "\r\n"
          - kind: StatementList
            children:
              - kind: Newline
                text: "\r\n"
          - kind: EndKeyword
            text: End
          - kind: Whitespace
            text: " "
          - kind: PropertyKeyword
            text: Property
          - kind: Newline
            text: "\r\n"
      - kind: Newline
        text: "\r\n"
      - kind: PropertyStatement
        children:
          - kind: PublicKeyword
            text: Public
          - kind: Whitespace
            text: " "
          - kind: PropertyKeyword
            text: Property
          - kind: Whitespace
            text: " "
          - kind: GetKeyword
            text: Get
          - kind: Whitespace
            text: " "
          - kind: Identifier
            text: item
          - kind: ParameterList
            children:
              - kind: LeftParenthesis
                text: (
              - kind: Identifier
                text: curitem
              - kind: Whitespace
                text: " "
              - kind: AsKeyword
                text: As
              - kind: Whitespace
                text: " "
              - kind: LongKeyword
                text: Long
              - kind: RightParenthesis
                text: )
          - kind: Whitespace
            text: " "
          - kind: AsKeyword
            text: As
          - kind: Whitespace
            text: " "
          - kind: VariantKeyword
            text: Variant
          - kind: Newline
            text: "\r\n"
          - kind: StatementList
            children:
              - kind: Newline
                text: "\r\n"
          - kind: EndKeyword
            text: End
          - kind: Whitespace
            text: " "
          - kind: PropertyKeyword
            text: Property
          - kind: Newline
            text: "\r\n"
      - kind: Newline
        text: "\r\n"
      - kind: PropertyStatement
        children:
          - kind: PublicKeyword
            text: Public
          - kind: Whitespace
            text: " "
          - kind: PropertyKeyword
            text: Property
          - kind: Whitespace
            text: " "
          - kind: LetKeyword
            text: Let
          - kind: Whitespace
            text: " "
          - kind: Identifier
            text: item
          - kind: ParameterList
            children:
              - kind: LeftParenthesis
                text: (
              - kind: Identifier
                text: curitem
              - kind: Whitespace
                text: " "
              - kind: AsKeyword
                text: As
              - kind: Whitespace
                text: " "
              - kind: LongKeyword
                text: Long
              - kind: Comma
                text: ","
              - kind: Whitespace
                text: " "
              - kind: Identifier
                text: vNewValue
              - kind: Whitespace
                text: " "
              - kind: AsKeyword
                text: As
              - kind: Whitespace
                text: " "
              - kind: VariantKeyword
                text: Variant
              - kind: RightParenthesis
                text: )
          - kind: Newline
            text: "\r\n"
          - kind: StatementList
            children:
              - kind: Newline
                text: "\r\n"
          - kind: EndKeyword
            text: End
          - kind: Whitespace
            text: " "
          - kind: PropertyKeyword
            text: Property
          - kind: Newline
            text: "\r\n"
      - kind: Newline
        text: "\r\n"
      - kind: PropertyStatement
        children:
          - kind: PublicKeyword
            text: Public
          - kind: Whitespace
            text: " "
          - kind: PropertyKeyword
            text: Property
          - kind: Whitespace
            text: " "
          - kind: SetKeyword
            text: Set
          - kind: Whitespace
            text: " "
          - kind: Identifier
            text: item
          - kind: ParameterList
            children:
              - kind: LeftParenthesis
                text: (
              - kind: Identifier
                text: curitem
              - kind: Whitespace
                text: " "
              - kind: AsKeyword
                text: As
              - kind: Whitespace
                text: " "
              - kind: LongKeyword
                text: Long
              - kind: Comma
                text: ","
              - kind: Whitespace
                text: " "
              - kind: Identifier
                text: vNewValue
              - kind: Whitespace
                text: " "
              - kind: AsKeyword
                text: As
              - kind: Whitespace
                text: " "
              - kind: VariantKeyword
                text: Variant
              - kind: RightParenthesis
                text: )
          - kind: Newline
            text: "\r\n"
          - kind: StatementList
            children:
              - kind: Newline
                text: "\r\n"
          - kind: EndKeyword
            text: End
          - kind: Whitespace
            text: " "
          - kind: PropertyKeyword
            text: Property
          - kind: Newline
            text: "\r\n"
      - kind: PropertyStatement
        children:
          - kind: PublicKeyword
            text: Public
          - kind: Whitespace
            text: " "
          - kind: PropertyKeyword
            text: Property
          - kind: Whitespace
            text: " "
          - kind: GetKeyword
            text: Get
          - kind: Whitespace
            text: " "
          - kind: Identifier
            text: Arr
          - kind: ParameterList
            children:
              - kind: LeftParenthesis
                text: (
              - kind: RightParenthesis
                text: )
          - kind: Whitespace
            text: " "
          - kind: AsKeyword
            text: As
          - kind: Whitespace
            text: " "
          - kind: BooleanKeyword
            text: Boolean
          - kind: Newline
            text: "\r\n"
          - kind: StatementList
            children:
              - kind: Newline
                text: "\r\n"
          - kind: EndKeyword
            text: End
          - kind: Whitespace
            text: " "
          - kind: PropertyKeyword
            text: Property
          - kind: Newline
            text: "\r\n"
      - kind: Newline
        text: "\r\n"
      - kind: PropertyStatement
        children:
          - kind: PublicKeyword
            text: Public
          - kind: Whitespace
            text: " "
          - kind: PropertyKeyword
            text: Property
          - kind: Whitespace
            text: " "
          - kind: LetKeyword
            text: Let
          - kind: Whitespace
            text: " "
          - kind: Identifier
            text: Arr
          - kind: ParameterList
            children:
              - kind: LeftParenthesis
                text: (
              - kind: ByValKeyword
                text: ByVal
              - kind: Whitespace
                text: " "
              - kind: Identifier
                text: vNewValue
              - kind: Whitespace
                text: " "
              - kind: AsKeyword
                text: As
              - kind: Whitespace
                text: " "
              - kind: BooleanKeyword
                text: Boolean
              - kind: RightParenthesis
                text: )
          - kind: Newline
            text: "\r\n"
          - kind: StatementList
            children:
              - kind: Newline
                text: "\r\n"
          - kind: EndKeyword
            text: End
          - kind: Whitespace
            text: " "
          - kind: PropertyKeyword
            text: Property
          - kind: Newline
            text: "\r\n"
      - kind: Newline
        text: "\r\n"
      - kind: PropertyStatement
        children:
          - kind: PublicKeyword
            text: Public
          - kind: Whitespace
            text: " "
          - kind: PropertyKeyword
            text: Property
          - kind: Whitespace
            text: " "
          - kind: GetKeyword
            text: Get
          - kind: Whitespace
            text: " "
          - kind: Identifier
            text: GroupRef
          - kind: ParameterList
            children:
              - kind: LeftParenthesis
                text: (
              - kind: RightParenthesis
                text: )
          - kind: Whitespace
            text: " "
          - kind: AsKeyword
            text: As
          - kind: Whitespace
            text: " "
          - kind: ObjectKeyword
            text: Object
          - kind: Newline
            text: "\r\n"
          - kind: StatementList
            children:
              - kind: Newline
                text: "\r\n"
              - kind: Newline
                text: "\r\n"
          - kind: EndKeyword
            text: End
          - kind: Whitespace
            text: " "
          - kind: PropertyKeyword
            text: Property
          - kind: Newline
            text: "\r\n"
      - kind: Newline
        text: "\r\n"
      - kind: PropertyStatement
        children:
          - kind: PublicKeyword
            text: Public
          - kind: Whitespace
            text: " "
          - kind: PropertyKeyword
            text: Property
          - kind: Whitespace
            text: " "
          - kind: SetKeyword
            text: Set
          - kind: Whitespace
            text: " "
          - kind: Identifier
            text: GroupRef
          - kind: ParameterList
            children:
              - kind: LeftParenthesis
                text: (
              - kind: Identifier
                text: vNewValue
              - kind: Whitespace
                text: " "
              - kind: AsKeyword
                text: As
              - kind: Whitespace
                text: " "
              - kind: ObjectKeyword
                text: Object
              - kind: RightParenthesis
                text: )
          - kind: Newline
            text: "\r\n"
          - kind: StatementList
            children:
              - kind: Newline
                text: "\r\n"
          - kind: EndKeyword
            text: End
          - kind: Whitespace
            text: " "
          - kind: PropertyKeyword
            text: Property
          - kind: Newline
            text: "\r\n"
      - kind: Newline
        text: "\r\n"
      - kind: PropertyStatement
        children:
          - kind: PublicKeyword
            text: Public
          - kind: Whitespace
            text: " "
          - kind: PropertyKeyword
            text: Property
          - kind: Whitespace
            text: " "
          - kind: GetKeyword
            text: Get
          - kind: Whitespace
            text: " "
          - kind: Identifier
            text: refgroup
          - kind: ParameterList
            children:
              - kind: LeftParenthesis
                text: (
              - kind: RightParenthesis
                text: )
          - kind: Whitespace
            text: " "
          - kind: AsKeyword
            text: As
          - kind: Whitespace
            text: " "
          - kind: ObjectKeyword
            text: Object
          - kind: Newline
            text: "\r\n"
          - kind: StatementList
            children:
              - kind: Newline
                text: "\r\n"
          - kind: EndKeyword
            text: End
          - kind: Whitespace
            text: " "
          - kind: PropertyKeyword
            text: Property
          - kind: Newline
            text: "\r\n"
      - kind: Newline
        text: "\r\n"
      - kind: PropertyStatement
        children:
          - kind: PublicKeyword
            text: Public
          - kind: Whitespace
            text: " "
          - kind: PropertyKeyword
            text: Property
          - kind: Whitespace
            text: " "
          - kind: SetKeyword
            text: Set
          - kind: Whitespace
            text: " "
          - kind: Identifier
            text: refgroup
          - kind: ParameterList
            children:
              - kind: LeftParenthesis
                text: (
              - kind: ByValKeyword
                text: ByVal
              - kind: Whitespace
                text: " "
              - kind: Identifier
                text: vNewValue
              - kind: Whitespace
                text: " "
              - kind: AsKeyword
                text: As
              - kind: Whitespace
                text: " "
              - kind: ObjectKeyword
                text: Object
              - kind: RightParenthesis
                text: )
          - kind: Newline
            text: "\r\n"
          - kind: StatementList
            children:
              - kind: Newline
                text: "\r\n"
          - kind: EndKeyword
            text: End
          - kind: Whitespace
            text: " "
          - kind: PropertyKeyword
            text: Property
          - kind: Newline
            text: "\r\n"
      - kind: PropertyStatement
        children:
          - kind: PropertyKeyword
            text: Property
          - kind: Whitespace
            text: " "
          - kind: GetKeyword
            text: Get
          - kind: Whitespace
            text: " "
          - kind: Identifier
            text: IsEmpty
          - kind: ParameterList
            children:
              - kind: LeftParenthesis
                text: (
              - kind: RightParenthesis
                text: )
          - kind: Whitespace
            text: " "
          - kind: AsKeyword
            text: As
          - kind: Whitespace
            text: " "
          - kind: VariantKeyword
            text: Variant
          - kind: Newline
            text: "\r\n"
          - kind: StatementList
            children:
              - kind: Newline
                text: "\r\n"
          - kind: EndKeyword
            text: End
          - kind: Whitespace
            text: " "
          - kind: PropertyKeyword
            text: Property
          - kind: Newline
            text: "\r\n"
      - kind: PropertyStatement
        children:
          - kind: PublicKeyword
            text: Public
          - kind: Whitespace
            text: " "
          - kind: PropertyKeyword
            text: Property
          - kind: Whitespace
            text: " "
          - kind: GetKeyword
            text: Get
          - kind: Whitespace
            text: " "
          - kind: Identifier
            text: IhaveClass
          - kind: ParameterList
            children:
              - kind: LeftParenthesis
                text: (
              - kind: RightParenthesis
                text: )
          - kind: Whitespace
            text: " "
          - kind: AsKeyword
            text: As
          - kind: Whitespace
            text: " "
          - kind: BooleanKeyword
            text: Boolean
          - kind: Newline
            text: "\r\n"
          - kind: StatementList
            children:
              - kind: Newline
                text: "\r\n"
          - kind: EndKeyword
            text: End
          - kind: Whitespace
            text: " "
          - kind: PropertyKeyword
            text: Property
          - kind: Newline
            text: "\r\n"
      - kind: Newline
        text: "\r\n"
      - kind: PropertyStatement
        children:
          - kind: PublicKeyword
            text: Public
          - kind: Whitespace
            text: " "
          - kind: PropertyKeyword
            text: Property
          - kind: Whitespace
            text: " "
          - kind: LetKeyword
            text: Let
          - kind: Whitespace
            text: " "
          - kind: Identifier
            text: IhaveClass
          - kind: ParameterList
            children:
              - kind: LeftParenthesis
                text: (
              - kind: ByValKeyword
                text: ByVal
              - kind: Whitespace
                text: " "
              - kind: Identifier
                text: vNewValue
              - kind: Whitespace
                text: " "
              - kind: AsKeyword
                text: As
              - kind: Whitespace
                text: " "
              - kind: BooleanKeyword
                text: Boolean
              - kind: RightParenthesis
                text: )
          - kind: Newline
            text: "\r\n"
          - kind: StatementList
            children:
              - kind: Newline
                text: "\r\n"
              - kind: Newline
                text: "\r\n"
          - kind: EndKeyword
            text: End
          - kind: Whitespace
            text: " "
          - kind: PropertyKeyword
            text: Property
          - kind: Newline
            text: "\r\n"
      - kind: PropertyStatement
        children:
          - kind: PublicKeyword
            text: Public
          - kind: Whitespace
            text: " "
          - kind: PropertyKeyword
            text: Property
          - kind: Whitespace
            text: " "
          - kind: GetKeyword
            text: Get
          - kind: Whitespace
            text: " "
          - kind: Identifier
            text: itemObject
          - kind: ParameterList
            children:
              - kind: LeftParenthesis
                text: (
              - kind: Identifier
                text: curitem
              - kind: Whitespace
                text: " "
              - kind: AsKeyword
                text: As
              - kind: Whitespace
                text: " "
              - kind: LongKeyword
                text: Long
              - kind: RightParenthesis
                text: )
          - kind: Whitespace
            text: " "
          - kind: AsKeyword
            text: As
          - kind: Whitespace
            text: " "
          - kind: VariantKeyword
            text: Variant
          - kind: Newline
            text: "\r\n"
          - kind: StatementList
            children:
              - kind: Newline
                text: "\r\n"
          - kind: EndKeyword
            text: End
          - kind: Whitespace
            text: " "
          - kind: PropertyKeyword
            text: Property
          - kind: Newline
            text: "\r\n"
      - kind: PropertyStatement
        children:
          - kind: PublicKeyword
            text: Public
          - kind: Whitespace
            text: " "
          - kind: PropertyKeyword
            text: Property
          - kind: Whitespace
            text: " "
          - kind: GetKeyword
            text: Get
          - kind: Whitespace
            text: " "
          - kind: Identifier
            text: ItemType
          - kind: ParameterList
            children:
              - kind: LeftParenthesis
                text: (
              - kind: Identifier
                text: curitem
              - kind: RightParenthesis
                text: )
          - kind: Whitespace
            text: " "
          - kind: AsKeyword
            text: As
          - kind: Whitespace
            text: " "
          - kind: StringKeyword
            text: String
          - kind: Newline
            text: "\r\n"
          - kind: StatementList
            children:
              - kind: Newline
                text: "\r\n"
          - kind: EndKeyword
            text: End
          - kind: Whitespace
            text: " "
          - kind: PropertyKeyword
            text: Property
          - kind: Newline
            text: "\r\n"
      - kind: PropertyStatement
        children:
          - kind: PublicKeyword
            text: Public
          - kind: Whitespace
            text: " "
          - kind: PropertyKeyword
            text: Property
          - kind: Whitespace
            text: " "
          - kind: GetKeyword
            text: Get
          - kind: Whitespace
            text: " "
          - kind: Identifier
            text: arrname
          - kind: ParameterList
            children:
              - kind: LeftParenthesis
                text: (
              - kind: RightParenthesis
                text: )
          - kind: Whitespace
            text: " "
          - kind: AsKeyword
            text: As
          - kind: Whitespace
            text: " "
          - kind: StringKeyword
            text: String
          - kind: Newline
            text: "\r\n"
          - kind: StatementList
            children:
              - kind: Newline
                text: "\r\n"
          - kind: EndKeyword
            text: End
          - kind: Whitespace
            text: " "
          - kind: PropertyKeyword
            text: Property
          - kind: Newline
            text: "\r\n"
      - kind: Newline
        text: "\r\n"
      - kind: PropertyStatement
        children:
          - kind: PublicKeyword
            text: Public
          - kind: Whitespace
            text: " "
          - kind: PropertyKeyword
            text: Property
          - kind: Whitespace
            text: " "
          - kind: LetKeyword
            text: Let
          - kind: Whitespace
            text: " "
          - kind: Identifier
            text: arrname
          - kind: ParameterList
            children:
              - kind: LeftParenthesis
                text: (
              - kind: ByValKeyword
                text: ByVal
              - kind: Whitespace
                text: " "
              - kind: Identifier
                text: vNewValue
              - kind: Whitespace
                text: " "
              - kind: AsKeyword
                text: As
              - kind: Whitespace
                text: " "
              - kind: StringKeyword
                text: String
              - kind: RightParenthesis
                text: )
          - kind: Newline
            text: "\r\n"
          - kind: StatementList
            children:
              - kind: Newline
                text: "\r\n"
          - kind: EndKeyword
            text: End
          - kind: Whitespace
            text: " "
          - kind: PropertyKeyword
            text: Property
          - kind: Newline
            text: "\r\n"
      - kind: Newline
        text: "\r\n"
      - kind: PropertyStatement
        children:
          - kind: PublicKeyword
            text: Public
          - kind: Whitespace
            text: " "
          - kind: PropertyKeyword
            text: Property
          - kind: Whitespace
            text: " "
          - kind: GetKeyword
            text: Get
          - kind: Whitespace
            text: " "
          - kind: Identifier
            text: Final
          - kind: ParameterList
            children:
              - kind: LeftParenthesis
                text: (
              - kind: RightParenthesis
                text: )
          - kind: Whitespace
            text: " "
          - kind: AsKeyword
            text: As
          - kind: Whitespace
            text: " "
          - kind: BooleanKeyword
            text: Boolean
          - kind: Newline
            text: "\r\n"
          - kind: StatementList
            children:
              - kind: Newline
                text: "\r\n"
          - kind: EndKeyword
            text: End
          - kind: Whitespace
            text: " "
          - kind: PropertyKeyword
            text: Property
          - kind: Newline
            text: "\r\n"
      - kind: Newline
        text: "\r\n"
      - kind: PropertyStatement
        children:
          - kind: PublicKeyword
            text: Public
          - kind: Whitespace
            text: " "
          - kind: PropertyKeyword
            text: Property
          - kind: Whitespace
            text: " "
          - kind: LetKeyword
            text: Let
          - kind: Whitespace
            text: " "
          - kind: Identifier
            text: Final
          - kind: ParameterList
            children:
              - kind: LeftParenthesis
                text: (
              - kind: ByValKeyword
                text: ByVal
              - kind: Whitespace
                text: " "
              - kind: Identifier
                text: vNewValue
              - kind: Whitespace
                text: " "
              - kind: AsKeyword
                text: As
              - kind: Whitespace
                text: " "
              - kind: BooleanKeyword
                text: Boolean
              - kind: RightParenthesis
                text: )
          - kind: Newline
            text: "\r\n"
          - kind: StatementList
            children:
              - kind: Newline
                text: "\r\n"
          - kind: EndKeyword
            text: End
          - kind: Whitespace
            text: " "
          - kind: PropertyKeyword
            text: Property
          - kind: Newline
            text: "\r\n"
      - kind: Newline
        text: "\r\n"
      - kind: PropertyStatement
        children:
          - kind: PublicKeyword
            text: Public
          - kind: Whitespace
            text: " "
          - kind: PropertyKeyword
            text: Property
          - kind: Whitespace
            text: " "
          - kind: GetKeyword
            text: Get
          - kind: Whitespace
            text: " "
          - kind: Identifier
            text: common
          - kind: ParameterList
            children:
              - kind: LeftParenthesis
                text: (
              - kind: RightParenthesis
                text: )
          - kind: Whitespace
            text: " "
          - kind: AsKeyword
            text: As
          - kind: Whitespace
            text: " "
          - kind: BooleanKeyword
            text: Boolean
          - kind: Newline
            text: "\r\n"
          - kind: StatementList
            children:
              - kind: Newline
                text: "\r\n"
          - kind: EndKeyword
            text: End
          - kind: Whitespace
            text: " "
          - kind: PropertyKeyword
            text: Property
          - kind: Newline
            text: "\r\n"
      - kind: Newline
        text: "\r\n"
      - kind: PropertyStatement
        children:
          - kind: PublicKeyword
            text: Public
          - kind: Whitespace
            text: " "
          - kind: PropertyKeyword
            text: Property
          - kind: Whitespace
            text: " "
          - kind: LetKeyword
            text: Let
          - kind: Whitespace
            text: " "
          - kind: Identifier
            text: common
          - kind: ParameterList
            children:
              - kind: LeftParenthesis
                text: (
              - kind: ByValKeyword
                text: ByVal
              - kind: Whitespace
                text: " "
              - kind: Identifier
                text: vNewValue
              - kind: Whitespace
                text: " "
              - kind: AsKeyword
                text: As
              - kind: Whitespace
                text: " "
              - kind: BooleanKeyword
                text: Boolean
              - kind: RightParenthesis
                text: )
          - kind: Newline
            text: "\r\n"
          - kind: StatementList
            children:
              - kind: Newline
                text: "\r\n"
          - kind: EndKeyword
            text: End
          - kind: Whitespace
            text: " "
          - kind: PropertyKeyword
            text: Property
          - kind: Newline
            text: "\r\n"
      - kind: SubStatement
        children:
          - kind: PublicKeyword
            text: Public
          - kind: Whitespace
            text: " "
          - kind: SubKeyword
            text: Sub
          - kind: Whitespace
            text: " "
          - kind: Identifier
            text: PushDim
          - kind: ParameterList
            children:
              - kind: LeftParenthesis
                text: (
              - kind: Identifier
                text: nDim
              - kind: Whitespace
                text: " "
              - kind: AsKeyword
                text: As
              - kind: Whitespace
                text: " "
              - kind: LongKeyword
                text: Long
              - kind: Comma
                text: ","
              - kind: Whitespace
                text: " "
              - kind: OptionalKeyword
                text: Optional
              - kind: Whitespace
                text: " "
              - kind: Identifier
                text: limBase
              - kind: Whitespace
                text: " "
              - kind: AsKeyword
                text: As
              - kind: Whitespace
                text: " "
              - kind: VariantKeyword
                text: Variant
              - kind: RightParenthesis
                text: )
          - kind: Newline
            text: "\r\n"
          - kind: StatementList
            children:
              - kind: Newline
                text: "\r\n"
          - kind: EndKeyword
            text: End
          - kind: Whitespace
            text: " "
          - kind: SubKeyword
            text: Sub
          - kind: Newline
            text: "\r\n"
      - kind: Newline
        text: "\r\n"
      - kind: SubStatement
        children:
          - kind: PublicKeyword
            text: Public
          - kind: Whitespace
            text: " "
          - kind: SubKeyword
            text: Sub
          - kind: Whitespace
            text: " "
          - kind: Identifier
            text: PushEnd
          - kind: ParameterList
            children:
              - kind: LeftParenthesis
                text: (
              - kind: OptionalKeyword
                text: Optional
              - kind: Whitespace
                text: " "
              - kind: Identifier
                text: thisarr
              - kind: RightParenthesis
                text: )
          - kind: Newline
            text: "\r\n"
          - kind: StatementList
            children:
              - kind: Newline
                text: "\r\n"
          - kind: EndKeyword
            text: End
          - kind: Whitespace
            text: " "
          - kind: SubKeyword
            text: Sub
          - kind: Newline
            text: "\r\n"
      - kind: SubStatement
        children:
          - kind: PublicKeyword
            text: Public
          - kind: Whitespace
            text: " "
          - kind: SubKeyword
            text: Sub
          - kind: Whitespace
            text: " "
          - kind: Identifier
            text: PushProp
          - kind: ParameterList
            children:
              - kind: LeftParenthesis
                text: (
              - kind: Identifier
                text: a
              - kind: Whitespace
                text: " "
              - kind: AsKeyword
                text: As
              - kind: Whitespace
                text: " "
              - kind: VariantKeyword
                text: Variant
              - kind: RightParenthesis
                text: )
          - kind: Newline
            text: "\r\n"
          - kind: StatementList
            children:
              - kind: Newline
                text: "\r\n"
          - kind: EndKeyword
            text: End
          - kind: Whitespace
            text: " "
          - kind: SubKeyword
            text: Sub
          - kind: Newline
            text: "\r\n"
      - kind: FunctionStatement
        children:
          - kind: FunctionKeyword
            text: Function
          - kind: Whitespace
            text: " "
          - kind: Identifier
            text: IsObjAt
          - kind: ParameterList
            children:
              - kind: LeftParenthesis
                text: (
              - kind: Identifier
                text: curitem
              - kind: Whitespace
                text: " "
              - kind: AsKeyword
                text: As
              - kind: Whitespace
                text: " "
              - kind: LongKeyword
                text: Long
              - kind: Comma
                text: ","
              - kind: Whitespace
                text: " "
              - kind: Identifier
                text: peekvalue
              - kind: RightParenthesis
                text: )
          - kind: Whitespace
            text: " "
          - kind: AsKeyword
            text: As
          - kind: Whitespace
            text: " "
          - kind: BooleanKeyword
            text: Boolean
          - kind: Newline
            text: "\r\n"
          - kind: StatementList
            children:
              - kind: Newline
                text: "\r\n"
          - kind: EndKeyword
            text: End
          - kind: Whitespace
            text: " "
          - kind: FunctionKeyword
            text: Function
          - kind: Newline
            text: "\r\n"
      - kind: Newline
        text: "\r\n"
      - kind: Newline
        text: "\r\n"
      - kind: PropertyStatement
        children:
          - kind: PublicKeyword
            text: Public
          - kind: Whitespace
            text: " "
          - kind: PropertyKeyword
            text: Property
          - kind: Whitespace
            text: " "
          - kind: GetKeyword
            text: Get
          - kind: Whitespace
            text: " "
          - kind: Identifier
            text: myarrbase
          - kind: ParameterList
            children:
              - kind: LeftParenthesis
                text: (
              - kind: RightParenthesis
                text: )
          - kind: Whitespace
            text: " "
          - kind: AsKeyword
            text: As
          - kind: Whitespace
            text: " "
          - kind: LongKeyword
            text: Long
          - kind: Newline
            text: "\r\n"
          - kind: StatementList
            children:
              - kind: Newline
                text: "\r\n"
          - kind: EndKeyword
            text: End
          - kind: Whitespace
            text: " "
          - kind: PropertyKeyword
            text: Property
          - kind: Newline
            text: "\r\n"
      - kind: Newline
        text: "\r\n"
      - kind: PropertyStatement
        children:
          - kind: PublicKeyword
            text: Public
          - kind: Whitespace
            text: " "
          - kind: PropertyKeyword
            text: Property
          - kind: Whitespace
            text: " "
          - kind: LetKeyword
            text: Let
          - kind: Whitespace
            text: " "
          - kind: Identifier
            text: myarrbase
          - kind: ParameterList
            children:
              - kind: LeftParenthesis
                text: (
              - kind: ByValKeyword
                text: ByVal
              - kind: Whitespace
                text: " "
              - kind: Identifier
                text: vNewValue
              - kind: Whitespace
                text: " "
              - kind: AsKeyword
                text: As
              - kind: Whitespace
                text: " "
              - kind: LongKeyword
                text: Long
              - kind: RightParenthesis
                text: )
          - kind: Newline
            text: "\r\n"
          - kind: StatementList
            children:
              - kind: Newline
                text: "\r\n"
          - kind: EndKeyword
            text: End
          - kind: Whitespace
            text: " "
          - kind: PropertyKeyword
            text: Property
          - kind: Newline
            text: "\r\n"
      - kind: Newline
        text: "\r\n"
      - kind: FunctionStatement
        children:
          - kind: PublicKeyword
            text: Public
          - kind: Whitespace
            text: " "
          - kind: FunctionKeyword
            text: Function
          - kind: Whitespace
            text: " "
          - kind: Identifier
            text: SerialItem
          - kind: ParameterList
            children:
              - kind: LeftParenthesis
                text: (
              - kind: Identifier
                text: item
              - kind: Whitespace
                text: " "
              - kind: AsKeyword
                text: As
              - kind: Whitespace
                text: " "
              - kind: VariantKeyword
                text: Variant
              - kind: Comma
                text: ","
              - kind: Whitespace
                text: " "
              - kind: Identifier
                text: cursor
              - kind: Whitespace
                text: " "
              - kind: AsKeyword
                text: As
              - kind: Whitespace
                text: " "
              - kind: LongKeyword
                text: Long
              - kind: Comma
                text: ","
              - kind: Whitespace
                text: " "
              - kind: Identifier
                text: Command
              - kind: Whitespace
                text: " "
              - kind: AsKeyword
                text: As
              - kind: Whitespace
                text: " "
              - kind: LongKeyword
                text: Long
              - kind: RightParenthesis
                text: )
          - kind: Whitespace
            text: " "
          - kind: AsKeyword
            text: As
          - kind: Whitespace
            text: " "
          - kind: BooleanKeyword
            text: Boolean
          - kind: Newline
            text: "\r\n"
          - kind: StatementList
            children:
              - kind: EndOfLineComment
                text: "'"
              - kind: Newline
                text: "\r\n"
          - kind: EndKeyword
            text: End
          - kind: Whitespace
            text: " "
          - kind: FunctionKeyword
            text: Function
          - kind: Newline
            text: "\r\n"
      - kind: Newline
        text: "\r\n"
      - kind: PropertyStatement
        children:
          - kind: PublicKeyword
            text: Public
          - kind: Whitespace
            text: " "
          - kind: PropertyKeyword
            text: Property
          - kind: Whitespace
            text: " "
          - kind: GetKeyword
            text: Get
          - kind: Whitespace
            text: " "
          - kind: Identifier
            text: Count
          - kind: ParameterList
            children:
              - kind: LeftParenthesis
                text: (
              - kind: RightParenthesis
                text: )
          - kind: Whitespace
            text: " "
          - kind: AsKeyword
            text: As
          - kind: Whitespace
            text: " "
          - kind: LongKeyword
            text: Long
          - kind: Newline
            text: "\r\n"
          - kind: StatementList
            children:
              - kind: Newline
                text: "\r\n"
          - kind: EndKeyword
            text: End
          - kind: Whitespace
            text: " "
          - kind: PropertyKeyword
            text: Property
          - kind: Newline
            text: "\r\n"
      - kind: Newline
        text: "\r\n"
      - kind: FunctionStatement
        children:
          - kind: PublicKeyword
            text: Public
          - kind: Whitespace
            text: " "
          - kind: FunctionKeyword
            text: Function
          - kind: Whitespace
            text: " "
          - kind: Identifier
            text: MyIsNumeric
          - kind: ParameterList
            children:
              - kind: LeftParenthesis
                text: (
              - kind: Identifier
                text: v
              - kind: Whitespace
                text: " "
              - kind: AsKeyword
                text: As
              - kind: Whitespace
                text: " "
              - kind: VariantKeyword
                text: Variant
              - kind: RightParenthesis
                text: )
          - kind: Whitespace
            text: " "
          - kind: AsKeyword
            text: As
          - kind: Whitespace
            text: " "
          - kind: BooleanKeyword
            text: Boolean
          - kind: Newline
            text: "\r\n"
          - kind: StatementList
            children:
              - kind: Newline
                text: "\r\n"
          - kind: EndKeyword
            text: End
          - kind: Whitespace
            text: " "
          - kind: FunctionKeyword
            text: Function
          - kind: Newline
            text: "\r\n"
      - kind: Newline
        text: "\r\n"
      - kind: FunctionStatement
        children:
          - kind: PublicKeyword
            text: Public
          - kind: Whitespace
            text: " "
          - kind: FunctionKeyword
            text: Function
          - kind: Whitespace
            text: " "
          - kind: Identifier
            text: MyIsObject
          - kind: ParameterList
            children:
              - kind: LeftParenthesis
                text: (
              - kind: Identifier
                text: v
              - kind: Whitespace
                text: " "
              - kind: AsKeyword
                text: As
              - kind: Whitespace
                text: " "
              - kind: VariantKeyword
                text: Variant
              - kind: RightParenthesis
                text: )
          - kind: Whitespace
            text: " "
          - kind: AsKeyword
            text: As
          - kind: Whitespace
            text: " "
          - kind: BooleanKeyword
            text: Boolean
          - kind: Newline
            text: "\r\n"
          - kind: StatementList
            children:
              - kind: Newline
                text: "\r\n"
          - kind: EndKeyword
            text: End
          - kind: Whitespace
            text: " "
          - kind: FunctionKeyword
            text: Function
          - kind: Newline
            text: "\r\n"
      - kind: Newline
        text: "\r\n"
      - kind: FunctionStatement
        children:
          - kind: PublicKeyword
            text: Public
          - kind: Whitespace
            text: " "
          - kind: FunctionKeyword
            text: Function
          - kind: Whitespace
            text: " "
          - kind: Identifier
            text: IsEnum2
          - kind: ParameterList
            children:
              - kind: LeftParenthesis
                text: (
              - kind: Identifier
                text: curitem
              - kind: Whitespace
                text: " "
              - kind: AsKeyword
                text: As
              - kind: Whitespace
                text: " "
              - kind: LongKeyword
                text: Long
              - kind: Comma
                text: ","
              - kind: Whitespace
                text: " "
              - kind: Identifier
                text: p
              - kind: Whitespace
                text: " "
              - kind: AsKeyword
                text: As
              - kind: Whitespace
                text: " "
              - kind: VariantKeyword
                text: Variant
              - kind: RightParenthesis
                text: )
          - kind: Whitespace
            text: " "
          - kind: AsKeyword
            text: As
          - kind: Whitespace
            text: " "
          - kind: BooleanKeyword
            text: Boolean
          - kind: Newline
            text: "\r\n"
          - kind: StatementList
            children:
              - kind: Newline
                text: "\r\n"
          - kind: EndKeyword
            text: End
          - kind: Whitespace
            text: " "
          - kind: FunctionKeyword
            text: Function
          - kind: Newline
            text: "\r\n"
      - kind: Newline
        text: "\r\n"
      - kind: FunctionStatement
        children:
          - kind: PublicKeyword
            text: Public
          - kind: Whitespace
            text: " "
          - kind: FunctionKeyword
            text: Function
          - kind: Whitespace
            text: " "
          - kind: Identifier
            text: ItemIsObject
          - kind: ParameterList
            children:
              - kind: LeftParenthesis
                text: (
              - kind: Identifier
                text: curitem
              - kind: RightParenthesis
                text: )
          - kind: Whitespace
            text: " "
          - kind: AsKeyword
            text: As
          - kind: Whitespace
            text: " "
          - kind: BooleanKeyword
            text: Boolean
          - kind: Newline
            text: "\r\n"
          - kind: StatementList
            children:
              - kind: Newline
                text: "\r\n"
          - kind: EndKeyword
            text: End
          - kind: Whitespace
            text: " "
          - kind: FunctionKeyword
            text: Function
          - kind: Newline
            text: "\r\n"
      - kind: Newline
        text: "\r\n"
      - kind: FunctionStatement
        children:
          - kind: PublicKeyword
            text: Public
          - kind: Whitespace
            text: " "
          - kind: FunctionKeyword
            text: Function
          - kind: Whitespace
            text: " "
          - kind: Identifier
            text: IsStringItem
          - kind: ParameterList
            children:
              - kind: LeftParenthesis
                text: (
              - kind: Identifier
                text: curitem
              - kind: Whitespace
                text: " "
              - kind: AsKeyword
                text: As
              - kind: Whitespace
                text: " "
              - kind: LongKeyword
                text: Long
              - kind: RightParenthesis
                text: )
          - kind: Whitespace
            text: " "
          - kind: AsKeyword
            text: As
          - kind: Whitespace
            text: " "
          - kind: VariantKeyword
            text: Variant
          - kind: Newline
            text: "\r\n"
          - kind: StatementList
            children:
              - kind: Newline
                text: "\r\n"
          - kind: EndKeyword
            text: End
          - kind: Whitespace
            text: " "
          - kind: FunctionKeyword
            text: Function
          - kind: Newline
            text: "\r\n"
      - kind: Newline
        text: "\r\n"
      - kind: FunctionStatement
        children:
          - kind: PublicKeyword
            text: Public
          - kind: Whitespace
            text: " "
          - kind: FunctionKeyword
            text: Function
          - kind: Whitespace
            text: " "
          - kind: Identifier
            text: itemnumeric
          - kind: ParameterList
            children:
              - kind: LeftParenthesis
                text: (
              - kind: Identifier
                text: curitem
              - kind: Whitespace
                text: " "
              - kind: AsKeyword
                text: As
              - kind: Whitespace
                text: " "
              - kind: LongKeyword
                text: Long
              - kind: RightParenthesis
                text: )
          - kind: Whitespace
            text: " "
          - kind: AsKeyword
            text: As
          - kind: Whitespace
            text: " "
          - kind: VariantKeyword
            text: Variant
          - kind: Newline
            text: "\r\n"
          - kind: StatementList
            children:
              - kind: Newline
                text: "\r\n"
          - kind: EndKeyword
            text: End
          - kind: Whitespace
            text: " "
          - kind: FunctionKeyword
            text: Function
          - kind: Newline
            text: "\r\n"
      - kind: Newline
        text: "\r\n"
      - kind: SubStatement
        children:
          - kind: PublicKeyword
            text: Public
          - kind: Whitespace
            text: " "
          - kind: SubKeyword
            text: Sub
          - kind: Whitespace
            text: " "
          - kind: Identifier
            text: SortDesTuple
          - kind: ParameterList
            children:
              - kind: LeftParenthesis
                text: (
              - kind: OptionalKeyword
                text: Optional
              - kind: Whitespace
                text: " "
              - kind: Identifier
                text: Low
              - kind: Whitespace
                text: " "
              - kind: AsKeyword
                text: As
              - kind: Whitespace
                text: " "
              - kind: LongKeyword
                text: Long
              - kind: Whitespace
                text: " "
              - kind: EqualityOperator
                text: "="
              - kind: Whitespace
                text: " "
              - kind: UnaryExpression
                children:
                  - kind: SubtractionOperator
                    text: "-"
                  - kind: NumericLiteralExpression
                    children:
                      - kind: IntegerLiteral
                        text: "1"
              - kind: Comma
                text: ","
              - kind: Whitespace
                text: " "
              - kind: OptionalKeyword
                text: Optional
              - kind: Whitespace
                text: " "
              - kind: Identifier
                text: high
              - kind: Whitespace
                text: " "
              - kind: AsKeyword
                text: As
              - kind: Whitespace
                text: " "
              - kind: LongKeyword
                text: Long
              - kind: Whitespace
                text: " "
              - kind: EqualityOperator
                text: "="
              - kind: Whitespace
                text: " "
              - kind: UnaryExpression
                children:
                  - kind: SubtractionOperator
                    text: "-"
                  - kind: NumericLiteralExpression
                    children:
                      - kind: IntegerLiteral
                        text: "1"
              - kind: RightParenthesis
                text: )
          - kind: Newline
            text: "\r\n"
          - kind: StatementList
            children:
              - kind: Newline
                text: "\r\n"
          - kind: EndKeyword
            text: End
          - kind: Whitespace
            text: " "
          - kind: SubKeyword
            text: Sub
          - kind: Newline
            text: "\r\n"
      - kind: Newline
        text: "\r\n"
      - kind: SubStatement
        children:
          - kind: PublicKeyword
            text: Public
          - kind: Whitespace
            text: " "
          - kind: SubKeyword
            text: Sub
          - kind: Whitespace
            text: " "
          - kind: Identifier
            text: SortTuple
          - kind: ParameterList
            children:
              - kind: LeftParenthesis
                text: (
              - kind: OptionalKeyword
                text: Optional
              - kind: Whitespace
                text: " "
              - kind: Identifier
                text: Low
              - kind: Whitespace
                text: " "
              - kind: AsKeyword
                text: As
              - kind: Whitespace
                text: " "
              - kind: LongKeyword
                text: Long
              - kind: Whitespace
                text: " "
              - kind: EqualityOperator
                text: "="
              - kind: Whitespace
                text: " "
              - kind: UnaryExpression
                children:
                  - kind: SubtractionOperator
                    text: "-"
                  - kind: NumericLiteralExpression
                    children:
                      - kind: IntegerLiteral
                        text: "1"
              - kind: Comma
                text: ","
              - kind: Whitespace
                text: " "
              - kind: OptionalKeyword
                text: Optional
              - kind: Whitespace
                text: " "
              - kind: Identifier
                text: high
              - kind: Whitespace
                text: " "
              - kind: AsKeyword
                text: As
              - kind: Whitespace
                text: " "
              - kind: LongKeyword
                text: Long
              - kind: Whitespace
                text: " "
              - kind: EqualityOperator
                text: "="
              - kind: Whitespace
                text: " "
              - kind: UnaryExpression
                children:
                  - kind: SubtractionOperator
                    text: "-"
                  - kind: NumericLiteralExpression
                    children:
                      - kind: IntegerLiteral
                        text: "1"
              - kind: RightParenthesis
                text: )
          - kind: Newline
            text: "\r\n"
          - kind: StatementList
            children:
              - kind: Newline
                text: "\r\n"
          - kind: EndKeyword
            text: End
          - kind: Whitespace
            text: " "
          - kind: SubKeyword
            text: Sub
          - kind: Newline
            text: "\r\n"
      - kind: Newline
        text: "\r\n"
      - kind: FunctionStatement
        children:
          - kind: PublicKeyword
            text: Public
          - kind: Whitespace
            text: " "
          - kind: FunctionKeyword
            text: Function
          - kind: Whitespace
            text: " "
          - kind: Identifier
            text: EmptyArraySameType
          - kind: ParameterList
            children:
              - kind: LeftParenthesis
                text: (
              - kind: RightParenthesis
                text: )
          - kind: Whitespace
            text: " "
          - kind: AsKeyword
            text: As
          - kind: Whitespace
            text: " "
          - kind: ObjectKeyword
            text: Object
          - kind: Newline
            text: "\r\n"
          - kind: StatementList
            children:
              - kind: Newline
                text: "\r\n"
          - kind: EndKeyword
            text: End
          - kind: Whitespace
            text: " "
          - kind: FunctionKeyword
            text: Function
          - kind: Newline
            text: "\r\n"
      - kind: Newline
        text: "\r\n"
      - kind: SubStatement
        children:
          - kind: PublicKeyword
            text: Public
          - kind: Whitespace
            text: " "
          - kind: SubKeyword
            text: Sub
          - kind: Whitespace
            text: " "
          - kind: Identifier
            text: CopyArraySlice
          - kind: ParameterList
            children:
              - kind: LeftParenthesis
                text: (
              - kind: Identifier
                text: K
              - kind: Whitespace
                text: " "
              - kind: AsKeyword
                text: As
              - kind: Whitespace
                text: " "
              - kind: Identifier
                text: iBoxArray
              - kind: Comma
                text: ","
              - kind: Whitespace
                text: " "
              - kind: Identifier
                text: fromS
              - kind: Whitespace
                text: " "
              - kind: AsKeyword
                text: As
              - kind: Whitespace
                text: " "
              - kind: LongKeyword
                text: Long
              - kind: Comma
                text: ","
              - kind: Whitespace
                text: " "
              - kind: Identifier
                text: toS
              - kind: Whitespace
                text: " "
              - kind: AsKeyword
                text: As
              - kind: Whitespace
                text: " "
              - kind: LongKeyword
                text: Long
              - kind: RightParenthesis
                text: )
          - kind: Newline
            text: "\r\n"
          - kind: StatementList
            children:
              - kind: Newline
                text: "\r\n"
          - kind: EndKeyword
            text: End
          - kind: Whitespace
            text: " "
          - kind: SubKeyword
            text: Sub
          - kind: Newline
            text: "\r\n"
      - kind: Newline
        text: "\r\n"
      - kind: SubStatement
        children:
          - kind: PublicKeyword
            text: Public
          - kind: Whitespace
            text: " "
          - kind: SubKeyword
            text: Sub
          - kind: Whitespace
            text: " "
          - kind: Identifier
            text: CopyArraySliceFast
          - kind: ParameterList
            children:
              - kind: LeftParenthesis
                text: (
              - kind: Identifier
                text: K
              - kind: Whitespace
                text: " "
              - kind: AsKeyword
                text: As
              - kind: Whitespace
                text: " "
              - kind: Identifier
                text: iBoxArray
              - kind: Comma
                text: ","
              - kind: Whitespace
                text: " "
              - kind: Identifier
                text: fromS
              - kind: Whitespace
                text: " "
              - kind: AsKeyword
                text: As
              - kind: Whitespace
                text: " "
              - kind: LongKeyword
                text: Long
              - kind: Comma
                text: ","
              - kind: Whitespace
                text: " "
              - kind: Identifier
                text: toS
              - kind: Whitespace
                text: " "
              - kind: AsKeyword
                text: As
              - kind: Whitespace
                text: " "
              - kind: LongKeyword
                text: Long
              - kind: RightParenthesis
                text: )
          - kind: Newline
            text: "\r\n"
          - kind: StatementList
            children:
              - kind: Newline
                text: "\r\n"
          - kind: EndKeyword
            text: End
          - kind: Whitespace
            text: " "
          - kind: SubKeyword
            text: Sub
          - kind: Newline
            text: "\r\n"
      - kind: Newline
        text: "\r\n"
      - kind: SubStatement
        children:
          - kind: PublicKeyword
            text: Public
          - kind: Whitespace
            text: " "
          - kind: SubKeyword
            text: Sub
          - kind: Whitespace
            text: " "
          - kind: Identifier
            text: CopyArray
          - kind: ParameterList
            children:
              - kind: LeftParenthesis
                text: (
              - kind: Identifier
                text: K
              - kind: Whitespace
                text: " "
              - kind: AsKeyword
                text: As
              - kind: Whitespace
                text: " "
              - kind: Identifier
                text: iBoxArray
              - kind: RightParenthesis
                text: )
          - kind: Newline
            text: "\r\n"
          - kind: StatementList
            children:
              - kind: Newline
                text: "\r\n"
          - kind: EndKeyword
            text: End
          - kind: Whitespace
            text: " "
          - kind: SubKeyword
            text: Sub
          - kind: Newline
            text: "\r\n"
      - kind: Newline
        text: "\r\n"
      - kind: FunctionStatement
        children:
          - kind: PublicKeyword
            text: Public
          - kind: Whitespace
            text: " "
          - kind: FunctionKeyword
            text: Function
          - kind: Whitespace
            text: " "
          - kind: Identifier
            text: IsObj
          - kind: ParameterList
            children:
              - kind: LeftParenthesis
                text: (
              - kind: RightParenthesis
                text: )
          - kind: Whitespace
            text: " "
          - kind: AsKeyword
            text: As
          - kind: Whitespace
            text: " "
          - kind: BooleanKeyword
            text: Boolean
          - kind: Newline
            text: "\r\n"
          - kind: StatementList
            children:
              - kind: Newline
                text: "\r\n"
          - kind: EndKeyword
            text: End
          - kind: Whitespace
            text: " "
          - kind: FunctionKeyword
            text: Function
          - kind: Newline
            text: "\r\n"
      - kind: Newline
        text: "\r\n"
      - kind: PropertyStatement
        children:
          - kind: PublicKeyword
            text: Public
          - kind: Whitespace
            text: " "
          - kind: PropertyKeyword
            text: Property
          - kind: Whitespace
            text: " "
          - kind: GetKeyword
            text: Get
          - kind: Whitespace
            text: " "
          - kind: Identifier
            text: Index
          - kind: ParameterList
            children:
              - kind: LeftParenthesis
                text: (
              - kind: RightParenthesis
                text: )
          - kind: Whitespace
            text: " "
          - kind: AsKeyword
            text: As
          - kind: Whitespace
            text: " "
          - kind: LongKeyword
            text: Long
          - kind: Newline
            text: "\r\n"
          - kind: StatementList
            children:
              - kind: Newline
                text: "\r\n"
          - kind: EndKeyword
            text: End
          - kind: Whitespace
            text: " "
          - kind: PropertyKeyword
            text: Property
          - kind: Newline
            text: "\r\n"
      - kind: Newline
        text: "\r\n"
      - kind: PropertyStatement
        children:
          - kind: PublicKeyword
            text: Public
          - kind: Whitespace
            text: " "
          - kind: PropertyKeyword
            text: Property
          - kind: Whitespace
            text: " "
          - kind: LetKeyword
            text: Let
          - kind: Whitespace
            text: " "
          - kind: Identifier
            text: Index
          - kind: ParameterList
            children:
              - kind: LeftParenthesis
                text: (
              - kind: ByValKeyword
                text: ByVal
              - kind: Whitespace
                text: " "
              - kind: Identifier
                text: vNewValue
              - kind: Whitespace
                text: " "
              - kind: AsKeyword
                text: As
              - kind: Whitespace
                text: " "
              - kind: LongKeyword
                text: Long
              - kind: RightParenthesis
                text: )
          - kind: Newline
            text: "\r\n"
          - kind: StatementList
            children:
              - kind: Newline
                text: "\r\n"
          - kind: EndKeyword
            text: End
          - kind: Whitespace
            text: " "
          - kind: PropertyKeyword
            text: Property
          - kind: Newline
            text: "\r\n"
      - kind: Newline
        text: "\r\n"
      - kind: PropertyStatement
        children:
          - kind: PublicKeyword
            text: Public
          - kind: Whitespace
            text: " "
          - kind: PropertyKeyword
            text: Property
          - kind: Whitespace
            text: " "
          - kind: GetKeyword
            text: Get
          - kind: Whitespace
            text: " "
          - kind: Identifier
            text: Value
          - kind: ParameterList
            children:
              - kind: LeftParenthesis
                text: (
              - kind: RightParenthesis
                text: )
          - kind: Whitespace
            text: " "
          - kind: AsKeyword
            text: As
          - kind: Whitespace
            text: " "
          - kind: VariantKeyword
            text: Variant
          - kind: Newline
            text: "\r\n"
          - kind: StatementList
            children:
              - kind: Newline
                text: "\r\n"
          - kind: EndKeyword
            text: End
          - kind: Whitespace
            text: " "
          - kind: PropertyKeyword
            text: Property
          - kind: Newline
            text: "\r\n"
      - kind: Newline
        text: "\r\n"
      - kind: SubStatement
        children:
          - kind: PublicKeyword
            text: Public
          - kind: Whitespace
            text: " "
          - kind: SubKeyword
            text: Sub
          - kind: Whitespace
            text: " "
          - kind: Identifier
            text: AppendArray
          - kind: ParameterList
            children:
              - kind: LeftParenthesis
                text: (
              - kind: Identifier
                text: K
              - kind: Whitespace
                text: " "
              - kind: AsKeyword
                text: As
              - kind: Whitespace
                text: " "
              - kind: Identifier
                text: iBoxArray
              - kind: RightParenthesis
                text: )
          - kind: Newline
            text: "\r\n"
          - kind: StatementList
            children:
              - kind: Newline
                text: "\r\n"
          - kind: EndKeyword
            text: End
          - kind: Whitespace
            text: " "
          - kind: SubKeyword
            text: Sub
          - kind: Newline
            text: "\r\n"
      - kind: Newline
        text: "\r\n"
      - kind: SubStatement
        children:
          - kind: PublicKeyword
            text: Public
          - kind: Whitespace
            text: " "
          - kind: SubKeyword
            text: Sub
          - kind: Whitespace
            text: " "
          - kind: Identifier
            text: CopyArrayRevFast
          - kind: ParameterList
            children:
              - kind: LeftParenthesis
                text: (
              - kind: Identifier
                text: K
              - kind: Whitespace
                text: " "
              - kind: AsKeyword
                text: As
              - kind: Whitespace
                text: " "
              - kind: Identifier
                text: iBoxArray
              - kind: RightParenthesis
                text: )
          - kind: Newline
            text: "\r\n"
          - kind: StatementList
            children:
              - kind: Newline
                text: "\r\n"
          - kind: EndKeyword
            text: End
          - kind: Whitespace
            text: " "
          - kind: SubKeyword
            text: Sub
          - kind: Newline
            text: "\r\n"
      - kind: Newline
        text: "\r\n"
      - kind: SubStatement
        children:
          - kind: PublicKeyword
            text: Public
          - kind: Whitespace
            text: " "
          - kind: SubKeyword
            text: Sub
          - kind: Whitespace
            text: " "
          - kind: Identifier
            text: CopyArrayRev
          - kind: ParameterList
            children:
              - kind: LeftParenthesis
                text: (
              - kind: Identifier
                text: K
              - kind: Whitespace
                text: " "
              - kind: AsKeyword
                text: As
              - kind: Whitespace
                text: " "
              - kind: Identifier
                text: iBoxArray
              - kind: RightParenthesis
                text: )
          - kind: Newline
            text: "\r\n"
          - kind: StatementList
            children:
              - kind: Newline
                text: "\r\n"
          - kind: EndKeyword
            text: End
          - kind: Whitespace
            text: " "
          - kind: SubKeyword
            text: Sub
          - kind: Newline
            text: "\r\n"
      - kind: Newline
        text: "\r\n"
      - kind: PropertyStatement
        children:
          - kind: PublicKeyword
            text: Public
          - kind: Whitespace
            text: " "
          - kind: PropertyKeyword
            text: Property
          - kind: Whitespace
            text: " "
          - kind: GetKeyword
            text: Get
          - kind: Whitespace
            text: " "
          - kind: Identifier
            text: MyTypeToBe
          - kind: ParameterList
            children:
              - kind: LeftParenthesis
                text: (
              - kind: RightParenthesis
                text: )
          - kind: Whitespace
            text: " "
          - kind: AsKeyword
            text: As
          - kind: Whitespace
            text: " "
          - kind: IntegerKeyword
            text: Integer
          - kind: Newline
            text: "\r\n"
          - kind: StatementList
            children:
              - kind: Newline
                text: "\r\n"
          - kind: EndKeyword
            text: End
          - kind: Whitespace
            text: " "
          - kind: PropertyKeyword
            text: Property
          - kind: Newline
            text: "\r\n"
      - kind: Newline
        text: "\r\n"
      - kind: Newline
        text: "\r\n"
      - kind: FunctionStatement
        children:
          - kind: PublicKeyword
            text: Public
          - kind: Whitespace
            text: " "
          - kind: FunctionKeyword
            text: Function
          - kind: Whitespace
            text: " "
          - kind: Identifier
            text: GetCopy
          - kind: ParameterList
            children:
              - kind: LeftParenthesis
                text: (
              - kind: RightParenthesis
                text: )
          - kind: Whitespace
            text: " "
          - kind: AsKeyword
            text: As
          - kind: Whitespace
            text: " "
          - kind: VariantKeyword
            text: Variant
          - kind: LeftParenthesis
            text: (
          - kind: RightParenthesis
            text: )
          - kind: Newline
            text: "\r\n"
          - kind: StatementList
            children:
              - kind: Newline
                text: "\r\n"
          - kind: EndKeyword
            text: End
          - kind: Whitespace
            text: " "
          - kind: FunctionKeyword
            text: Function
          - kind: Newline
            text: "\r\n"
      - kind: Newline
        text: "\r\n"
      - kind: SubStatement
        children:
          - kind: PublicKeyword
            text: Public
          - kind: Whitespace
            text: " "
          - kind: SubKeyword
            text: Sub
          - kind: Whitespace
            text: " "
          - kind: Identifier
            text: processAppend
          - kind: ParameterList
            children:
              - kind: LeftParenthesis
                text: (
              - kind: Identifier
                text: m
              - kind: Whitespace
                text: " "
              - kind: AsKeyword
                text: As
              - kind: Whitespace
                text: " "
              - kind: ObjectKeyword
                text: Object
              - kind: RightParenthesis
                text: )
          - kind: Newline
            text: "\r\n"
          - kind: StatementList
            children:
              - kind: Newline
                text: "\r\n"
          - kind: EndKeyword
            text: End
          - kind: Whitespace
            text: " "
          - kind: SubKeyword
            text: Sub
          - kind: Newline
            text: "\r\n"
      - kind: Newline
        text: "\r\n"
      - kind: FunctionStatement
        children:
          - kind: PublicKeyword
            text: Public
          - kind: Whitespace
            text: " "
          - kind: FunctionKeyword
            text: Function
          - kind: Whitespace
            text: " "
          - kind: Identifier
            text: GetUDTValue
          - kind: ParameterList
            children:
              - kind: LeftParenthesis
                text: (
              - kind: ByValKeyword
                text: ByVal
              - kind: Whitespace
                text: " "
              - kind: Identifier
                text: p
              - kind: Whitespace
                text: " "
              - kind: AsKeyword
                text: As
              - kind: Whitespace
                text: " "
              - kind: LongKeyword
                text: Long
              - kind: Comma
                text: ","
              - kind: Whitespace
                text: " "
          - kind: NameKeyword
            text: Name
          - kind: DollarSign
            text: $
          - kind: Comma
            text: ","
          - kind: Whitespace
            text: " "
          - kind: OptionalKeyword
            text: Optional
          - kind: Whitespace
            text: " "
          - kind: Identifier
            text: ndx
          - kind: RightParenthesis
            text: )
          - kind: Newline
            text: "\r\n"
          - kind: StatementList
            children:
              - kind: Newline
                text: "\r\n"
          - kind: EndKeyword
            text: End
          - kind: Whitespace
            text: " "
          - kind: FunctionKeyword
            text: Function
          - kind: Newline
            text: "\r\n"
      - kind: Newline
        text: "\r\n"
      - kind: PropertyStatement
        children:
          - kind: PublicKeyword
            text: Public
          - kind: Whitespace
            text: " "
          - kind: PropertyKeyword
            text: Property
          - kind: Whitespace
            text: " "
          - kind: GetKeyword
            text: Get
          - kind: Whitespace
            text: " "
          - kind: Identifier
            text: ItemTypeNum
          - kind: ParameterList
            children:
              - kind: LeftParenthesis
                text: (
              - kind: Identifier
                text: curitem
              - kind: RightParenthesis
                text: )
          - kind: Whitespace
            text: " "
          - kind: AsKeyword
            text: As
          - kind: Whitespace
            text: " "
          - kind: IntegerKeyword
            text: Integer
          - kind: Newline
            text: "\r\n"
          - kind: StatementList
            children:
              - kind: Newline
                text: "\r\n"
          - kind: EndKeyword
            text: End
          - kind: Whitespace
            text: " "
          - kind: PropertyKeyword
            text: Property
          - kind: Newline
            text: "\r\n"
      - kind: SubStatement
        children:
          - kind: PublicKeyword
            text: Public
          - kind: Whitespace
            text: " "
          - kind: SubKeyword
            text: Sub
          - kind: Whitespace
            text: " "
          - kind: Identifier
            text: SwapItem
          - kind: ParameterList
            children:
              - kind: LeftParenthesis
                text: (
              - kind: Identifier
                text: curitem
              - kind: Whitespace
                text: " "
              - kind: AsKeyword
                text: As
              - kind: Whitespace
                text: " "
              - kind: LongKeyword
                text: Long
              - kind: Comma
                text: ","
              - kind: Whitespace
                text: " "
              - kind: Identifier
                text: thisvariant
              - kind: RightParenthesis
                text: )
          - kind: Newline
            text: "\r\n"
          - kind: StatementList
            children:
              - kind: Newline
                text: "\r\n"
          - kind: EndKeyword
            text: End
          - kind: Whitespace
            text: " "
          - kind: SubKeyword
            text: Sub
          - kind: Newline
            text: "\r\n"
      - kind: FunctionStatement
        children:
          - kind: PublicKeyword
            text: Public
          - kind: Whitespace
            text: " "
          - kind: FunctionKeyword
            text: Function
          - kind: Whitespace
            text: " "
          - kind: Identifier
            text: UpperMonoLimit
          - kind: ParameterList
            children:
              - kind: LeftParenthesis
                text: (
              - kind: RightParenthesis
                text: )
          - kind: Newline
            text: "\r\n"
          - kind: StatementList
            children:
              - kind: Newline
                text: "\r\n"
          - kind: EndKeyword
            text: End
          - kind: Whitespace
            text: " "
          - kind: FunctionKeyword
            text: Function
          - kind: Newline
            text: "\r\n"
      - kind: FunctionStatement
        children:
          - kind: PublicKeyword
            text: Public
          - kind: Whitespace
            text: " "
          - kind: FunctionKeyword
            text: Function
          - kind: Whitespace
            text: " "
          - kind: Identifier
            text: PlaceValue2UDTArray
          - kind: ParameterList
            children:
              - kind: LeftParenthesis
                text: (
              - kind: Identifier
                text: p
              - kind: Whitespace
                text: " "
              - kind: AsKeyword
                text: As
              - kind: Whitespace
                text: " "
              - kind: LongKeyword
                text: Long
              - kind: Comma
                text: ","
              - kind: Whitespace
                text: " "
          - kind: NameKeyword
            text: Name
          - kind: DollarSign
            text: $
          - kind: Comma
            text: ","
          - kind: Whitespace
            text: " "
          - kind: Identifier
            text: v
          - kind: Comma
            text: ","
          - kind: Whitespace
            text: " "
          - kind: Identifier
            text: Index
          - kind: Whitespace
            text: " "
          - kind: AsKeyword
            text: As
          - kind: Whitespace
            text: " "
          - kind: LongKeyword
            text: Long
          - kind: RightParenthesis
            text: )
          - kind: Whitespace
            text: " "
          - kind: AsKeyword
            text: As
          - kind: Whitespace
            text: " "
          - kind: BooleanKeyword
            text: Boolean
          - kind: Newline
            text: "\r\n"
          - kind: StatementList
            children:
              - kind: Newline
                text: "\r\n"
          - kind: EndKeyword
            text: End
          - kind: Whitespace
            text: " "
          - kind: FunctionKeyword
            text: Function
          - kind: Newline
            text: "\r\n"
      - kind: FunctionStatement
        children:
          - kind: PublicKeyword
            text: Public
          - kind: Whitespace
            text: " "
          - kind: FunctionKeyword
            text: Function
          - kind: Whitespace
            text: " "
          - kind: Identifier
            text: PlaceValue2UDT
          - kind: ParameterList
            children:
              - kind: LeftParenthesis
                text: (
              - kind: Identifier
                text: p
              - kind: Whitespace
                text: " "
              - kind: AsKeyword
                text: As
              - kind: Whitespace
                text: " "
              - kind: LongKeyword
                text: Long
              - kind: Comma
                text: ","
              - kind: Whitespace
                text: " "
          - kind: NameKeyword
            text: Name
          - kind: DollarSign
            text: $
          - kind: Comma
            text: ","
          - kind: Whitespace
            text: " "
          - kind: Identifier
            text: v
          - kind: RightParenthesis
            text: )
          - kind: Whitespace
            text: " "
          - kind: AsKeyword
            text: As
          - kind: Whitespace
            text: " "
          - kind: BooleanKeyword
            text: Boolean
          - kind: Newline
            text: "\r\n"
          - kind: StatementList
            children:
              - kind: Newline
                text: "\r\n"
          - kind: EndKeyword
            text: End
          - kind: Whitespace
            text: " "
          - kind: FunctionKeyword
            text: Function
          - kind: Newline
            text: "\r\n"
      - kind: SubStatement
        children:
          - kind: PublicKeyword
            text: Public
          - kind: Whitespace
            text: " "
          - kind: SubKeyword
            text: Sub
          - kind: Whitespace
            text: " "
          - kind: Identifier
            text: GetPorp
          - kind: ParameterList
            children:
              - kind: LeftParenthesis
                text: (
              - kind: Identifier
                text: aProp
              - kind: Whitespace
                text: " "
              - kind: AsKeyword
                text: As
              - kind: Whitespace
                text: " "
              - kind: Identifier
                text: PropReference
              - kind: Comma
                text: ","
              - kind: Whitespace
                text: " "
              - kind: Identifier
                text: curitem
              - kind: Whitespace
                text: " "
              - kind: AsKeyword
                text: As
              - kind: Whitespace
                text: " "
              - kind: LongKeyword
                text: Long
              - kind: RightParenthesis
                text: )
          - kind: Newline
            text: "\r\n"
          - kind: StatementList
            children:
              - kind: Newline
                text: "\r\n"
          - kind: EndKeyword
            text: End
          - kind: Whitespace
            text: " "
          - kind: SubKeyword
            text: Sub
          - kind: Newline
            text: "\r\n"
      - kind: PropertyStatement
        children:
          - kind: PublicKeyword
            text: Public
          - kind: Whitespace
            text: " "
          - kind: PropertyKeyword
            text: Property
          - kind: Whitespace
            text: " "
          - kind: LetKeyword
            text: Let
          - kind: Whitespace
            text: " "
          - kind: Identifier
            text: ItemStr
          - kind: ParameterList
            children:
              - kind: LeftParenthesis
                text: (
              - kind: Identifier
                text: curitem
              - kind: Whitespace
                text: " "
              - kind: AsKeyword
                text: As
              - kind: Whitespace
                text: " "
              - kind: LongKeyword
                text: Long
              - kind: Comma
                text: ","
              - kind: Whitespace
                text: " "
              - kind: Identifier
                text: item
              - kind: Whitespace
                text: " "
              - kind: AsKeyword
                text: As
              - kind: Whitespace
                text: " "
              - kind: StringKeyword
                text: String
              - kind: RightParenthesis
                text: )
          - kind: Newline
            text: "\r\n"
          - kind: StatementList
            children:
              - kind: Newline
                text: "\r\n"
          - kind: EndKeyword
            text: End
          - kind: Whitespace
            text: " "
          - kind: PropertyKeyword
            text: Property
          - kind: Newline
            text: "\r\n"
      - kind: FunctionStatement
        children:
          - kind: PublicKeyword
            text: Public
          - kind: Whitespace
            text: " "
          - kind: FunctionKeyword
            text: Function
          - kind: Whitespace
            text: " "
          - kind: Identifier
            text: IsEnum
          - kind: ParameterList
            children:
              - kind: LeftParenthesis
                text: (
              - kind: Identifier
                text: p
              - kind: Whitespace
                text: " "
              - kind: AsKeyword
                text: As
              - kind: Whitespace
                text: " "
              - kind: VariantKeyword
                text: Variant
              - kind: RightParenthesis
                text: )
          - kind: Whitespace
            text: " "
          - kind: AsKeyword
            text: As
          - kind: Whitespace
            text: " "
          - kind: BooleanKeyword
            text: Boolean
          - kind: Newline
            text: "\r\n"
          - kind: StatementList
            children:
              - kind: Newline
                text: "\r\n"
          - kind: EndKeyword
            text: End
          - kind: Whitespace
            text: " "
          - kind: FunctionKeyword
            text: Function
          - kind: Newline
            text: "\r\n"
      - kind: SubStatement
        children:
          - kind: PublicKeyword
            text: Public
          - kind: Whitespace
            text: " "
          - kind: SubKeyword
            text: Sub
          - kind: Whitespace
            text: " "
          - kind: Identifier
            text: Neg
          - kind: ParameterList
            children:
              - kind: LeftParenthesis
                text: (
              - kind: Identifier
                text: v
              - kind: Whitespace
                text: " "
              - kind: AsKeyword
                text: As
              - kind: Whitespace
                text: " "
              - kind: LongKeyword
                text: Long
              - kind: RightParenthesis
                text: )
          - kind: Newline
            text: "\r\n"
          - kind: StatementList
            children:
              - kind: Newline
                text: "\r\n"
          - kind: EndKeyword
            text: End
          - kind: Whitespace
            text: " "
          - kind: SubKeyword
            text: Sub
          - kind: Newline
            text: "\r\n"
      - kind: PropertyStatement
        children:
          - kind: PublicKeyword
            text: Public
          - kind: Whitespace
            text: " "
          - kind: PropertyKeyword
            text: Property
          - kind: Whitespace
            text: " "
          - kind: GetKeyword
            text: Get
          - kind: Whitespace
            text: " "
          - kind: Identifier
            text: ArrPtr
          - kind: ParameterList
            children:
              - kind: LeftParenthesis
                text: (
              - kind: RightParenthesis
                text: )
          - kind: Whitespace
            text: " "
          - kind: AsKeyword
            text: As
          - kind: Whitespace
            text: " "
          - kind: LongKeyword
            text: Long
          - kind: Newline
            text: "\r\n"
          - kind: StatementList
            children:
              - kind: Newline
                text: "\r\n"
          - kind: EndKeyword
            text: End
          - kind: Whitespace
            text: " "
          - kind: PropertyKeyword
            text: Property
          - kind: Newline
            text: "\r\n"
      - kind: PropertyStatement
        children:
          - kind: PublicKeyword
            text: Public
          - kind: Whitespace
            text: " "
          - kind: PropertyKeyword
            text: Property
          - kind: Whitespace
            text: " "
          - kind: GetKeyword
            text: Get
          - kind: Whitespace
            text: " "
          - kind: Identifier
            text: itemPtr
          - kind: ParameterList
            children:
              - kind: LeftParenthesis
                text: (
              - kind: Identifier
                text: curitem
              - kind: Whitespace
                text: " "
              - kind: AsKeyword
                text: As
              - kind: Whitespace
                text: " "
              - kind: LongKeyword
                text: Long
              - kind: RightParenthesis
                text: )
          - kind: Whitespace
            text: " "
          - kind: AsKeyword
            text: As
          - kind: Whitespace
            text: " "
          - kind: LongKeyword
            text: Long
          - kind: Newline
            text: "\r\n"
          - kind: StatementList
            children:
              - kind: Newline
                text: "\r\n"
          - kind: EndKeyword
            text: End
          - kind: Whitespace
            text: " "
          - kind: PropertyKeyword
            text: Property
          - kind: Newline
            text: "\r\n"
      - kind: Newline
        text: "\r\n"
      - kind: FunctionStatement
        children:
          - kind: PublicKeyword
            text: Public
          - kind: Whitespace
            text: " "
          - kind: FunctionKeyword
            text: Function
          - kind: Whitespace
            text: " "
          - kind: Identifier
            text: bareteamgroup
          - kind: ParameterList
            children:
              - kind: LeftParenthesis
                text: (
              - kind: RightParenthesis
                text: )
          - kind: Whitespace
            text: " "
          - kind: AsKeyword
            text: As
          - kind: Whitespace
            text: " "
          - kind: ObjectKeyword
            text: Object
          - kind: Newline
            text: "\r\n"
          - kind: StatementList
            children:
              - kind: Newline
                text: "\r\n"
          - kind: EndKeyword
            text: End
          - kind: Whitespace
            text: " "
          - kind: FunctionKeyword
            text: Function
          - kind: Newline
            text: "\r\n"
      - kind: SubStatement
        children:
          - kind: PublicKeyword
            text: Public
          - kind: Whitespace
            text: " "
          - kind: SubKeyword
            text: Sub
          - kind: Whitespace
            text: " "
          - kind: Identifier
            text: StartResize
          - kind: ParameterList
            children:
              - kind: LeftParenthesis
                text: (
              - kind: RightParenthesis
                text: )
          - kind: Newline
            text: "\r\n"
          - kind: StatementList
            children:
              - kind: Newline
                text: "\r\n"
          - kind: EndKeyword
            text: End
          - kind: Whitespace
            text: " "
          - kind: SubKeyword
            text: Sub
          - kind: Newline
            text: "\r\n"
