---
source: projects/vb6parse/tests/module/audiostation.rs
expression: module_file
---
name: modLanguage
cst:
  root:
    kind: Root
    children:
      - kind: EndOfLineComment
        text: "'///////////////////////////////////////////////////////////////"
      - kind: Newline
        text: "\n"
      - kind: EndOfLineComment
        text: "'// FileName        : modLanguage.bas"
      - kind: Newline
        text: "\n"
      - kind: EndOfLineComment
        text: "'// FileType        : Microsoft Visual Basic 6 - Module"
      - kind: Newline
        text: "\n"
      - kind: EndOfLineComment
        text: "'// Author          : Alex van den Berg"
      - kind: Newline
        text: "\n"
      - kind: EndOfLineComment
        text: "'// Created         : 26-06-2023"
      - kind: Newline
        text: "\n"
      - kind: EndOfLineComment
        text: "'// Last Modified   : 05-11-2023"
      - kind: Newline
        text: "\n"
      - kind: EndOfLineComment
        text: "'// Copyright       : Sibra-Soft"
      - kind: Newline
        text: "\n"
      - kind: EndOfLineComment
        text: "'// Description     : Multi-language application module"
      - kind: Newline
        text: "\n"
      - kind: EndOfLineComment
        text: "'////////////////////////////////////////////////////////////////"
      - kind: Newline
        text: "\n"
      - kind: Newline
        text: "\n"
      - kind: OptionStatement
        children:
          - kind: OptionKeyword
            text: Option
          - kind: Whitespace
            text: " "
          - kind: ExplicitKeyword
            text: Explicit
          - kind: Newline
            text: "\n"
      - kind: Newline
        text: "\n"
      - kind: DimStatement
        children:
          - kind: PrivateKeyword
            text: Private
          - kind: Whitespace
            text: " "
          - kind: Identifier
            text: Language
          - kind: Whitespace
            text: " "
          - kind: AsKeyword
            text: As
          - kind: Whitespace
            text: " "
          - kind: StringKeyword
            text: String
          - kind: Newline
            text: "\n"
      - kind: Newline
        text: "\n"
      - kind: DimStatement
        children:
          - kind: PublicKeyword
            text: Public
          - kind: Whitespace
            text: " "
          - kind: Identifier
            text: File
          - kind: Whitespace
            text: " "
          - kind: AsKeyword
            text: As
          - kind: Whitespace
            text: " "
          - kind: StringKeyword
            text: String
          - kind: Newline
            text: "\n"
      - kind: SubStatement
        children:
          - kind: PublicKeyword
            text: Public
          - kind: Whitespace
            text: " "
          - kind: SubKeyword
            text: Sub
          - kind: Whitespace
            text: " "
          - kind: Identifier
            text: TranslateFormAndControls
          - kind: ParameterList
            children:
              - kind: LeftParenthesis
                text: (
              - kind: Identifier
                text: Frm
              - kind: Whitespace
                text: " "
              - kind: AsKeyword
                text: As
              - kind: Whitespace
                text: " "
              - kind: Identifier
                text: Form
              - kind: Comma
                text: ","
              - kind: Whitespace
                text: " "
              - kind: OptionalKeyword
                text: Optional
              - kind: Whitespace
                text: " "
              - kind: Identifier
                text: UseMnemonic
              - kind: Whitespace
                text: " "
              - kind: AsKeyword
                text: As
              - kind: Whitespace
                text: " "
              - kind: BooleanKeyword
                text: Boolean
              - kind: RightParenthesis
                text: )
          - kind: Newline
            text: "\n"
          - kind: StatementList
            children:
              - kind: DimStatement
                children:
                  - kind: DimKeyword
                    text: Dim
                  - kind: Whitespace
                    text: " "
                  - kind: Identifier
                    text: MenuCount
                  - kind: Comma
                    text: ","
                  - kind: Whitespace
                    text: " "
                  - kind: Identifier
                    text: ControlCount
                  - kind: Whitespace
                    text: " "
                  - kind: AsKeyword
                    text: As
                  - kind: Whitespace
                    text: " "
                  - kind: IntegerKeyword
                    text: Integer
                  - kind: Newline
                    text: "\n"
              - kind: DimStatement
                children:
                  - kind: DimKeyword
                    text: Dim
                  - kind: Whitespace
                    text: " "
                  - kind: Identifier
                    text: CurrentControl
                  - kind: Whitespace
                    text: " "
                  - kind: AsKeyword
                    text: As
                  - kind: Whitespace
                    text: " "
                  - kind: Identifier
                    text: Control
                  - kind: Newline
                    text: "\n"
              - kind: Newline
                text: "\n"
              - kind: AssignmentStatement
                children:
                  - kind: IdentifierExpression
                    children:
                      - kind: Identifier
                        text: MenuCount
                  - kind: Whitespace
                    text: " "
                  - kind: EqualityOperator
                    text: "="
                  - kind: Whitespace
                    text: " "
                  - kind: NumericLiteralExpression
                    children:
                      - kind: IntegerLiteral
                        text: "0"
                  - kind: Newline
                    text: "\n"
              - kind: AssignmentStatement
                children:
                  - kind: IdentifierExpression
                    children:
                      - kind: Identifier
                        text: ControlCount
                  - kind: Whitespace
                    text: " "
                  - kind: EqualityOperator
                    text: "="
                  - kind: Whitespace
                    text: " "
                  - kind: NumericLiteralExpression
                    children:
                      - kind: IntegerLiteral
                        text: "0"
                  - kind: Newline
                    text: "\n"
              - kind: Newline
                text: "\n"
              - kind: IfStatement
                children:
                  - kind: IfKeyword
                    text: If
                  - kind: Whitespace
                    text: " "
                  - kind: UnaryExpression
                    children:
                      - kind: NotKeyword
                        text: Not
                      - kind: Whitespace
                        text: " "
                      - kind: CallExpression
                        children:
                          - kind: MemberAccessExpression
                            children:
                              - kind: Identifier
                                text: StrExt
                              - kind: PeriodOperator
                                text: "."
                              - kind: Identifier
                                text: IsNullOrWhiteSpace
                          - kind: LeftParenthesis
                            text: (
                          - kind: ArgumentList
                            children:
                              - kind: Argument
                                children:
                                  - kind: MemberAccessExpression
                                    children:
                                      - kind: Identifier
                                        text: Frm
                                      - kind: PeriodOperator
                                        text: "."
                                      - kind: Identifier
                                        text: Tag
                          - kind: RightParenthesis
                            text: )
                  - kind: Whitespace
                    text: " "
                  - kind: ThenKeyword
                    text: Then
                  - kind: Newline
                    text: "\n"
                  - kind: StatementList
                    children:
                      - kind: IfStatement
                        children:
                          - kind: Whitespace
                            text: "    "
                          - kind: IfKeyword
                            text: If
                          - kind: Whitespace
                            text: " "
                          - kind: IdentifierExpression
                            children:
                              - kind: Identifier
                                text: UseMnemonic
                          - kind: Whitespace
                            text: " "
                          - kind: ThenKeyword
                            text: Then
                          - kind: Newline
                            text: "\n"
                          - kind: StatementList
                            children:
                              - kind: Whitespace
                                text: "        "
                              - kind: AssignmentStatement
                                children:
                                  - kind: MemberAccessExpression
                                    children:
                                      - kind: Identifier
                                        text: Frm
                                      - kind: PeriodOperator
                                        text: "."
                                      - kind: Identifier
                                        text: Caption
                                  - kind: Whitespace
                                    text: " "
                                  - kind: EqualityOperator
                                    text: "="
                                  - kind: Whitespace
                                    text: " "
                                  - kind: CallExpression
                                    children:
                                      - kind: Identifier
                                        text: GetTranslation
                                      - kind: LeftParenthesis
                                        text: (
                                      - kind: ArgumentList
                                        children:
                                          - kind: Argument
                                            children:
                                              - kind: MemberAccessExpression
                                                children:
                                                  - kind: Identifier
                                                    text: Frm
                                                  - kind: PeriodOperator
                                                    text: "."
                                                  - kind: Identifier
                                                    text: Tag
                                      - kind: RightParenthesis
                                        text: )
                                  - kind: Newline
                                    text: "\n"
                              - kind: Whitespace
                                text: "    "
                          - kind: ElseClause
                            children:
                              - kind: ElseKeyword
                                text: Else
                              - kind: Newline
                                text: "\n"
                              - kind: StatementList
                                children:
                                  - kind: Whitespace
                                    text: "        "
                                  - kind: AssignmentStatement
                                    children:
                                      - kind: MemberAccessExpression
                                        children:
                                          - kind: Identifier
                                            text: Frm
                                          - kind: PeriodOperator
                                            text: "."
                                          - kind: Identifier
                                            text: Caption
                                      - kind: Whitespace
                                        text: " "
                                      - kind: EqualityOperator
                                        text: "="
                                      - kind: Whitespace
                                        text: " "
                                      - kind: CallExpression
                                        children:
                                          - kind: Identifier
                                            text: Replace
                                          - kind: LeftParenthesis
                                            text: (
                                          - kind: ArgumentList
                                            children:
                                              - kind: Argument
                                                children:
                                                  - kind: CallExpression
                                                    children:
                                                      - kind: Identifier
                                                        text: GetTranslation
                                                      - kind: LeftParenthesis
                                                        text: (
                                                      - kind: ArgumentList
                                                        children:
                                                          - kind: Argument
                                                            children:
                                                              - kind: MemberAccessExpression
                                                                children:
                                                                  - kind: Identifier
                                                                    text: Frm
                                                                  - kind: PeriodOperator
                                                                    text: "."
                                                                  - kind: Identifier
                                                                    text: Tag
                                                      - kind: RightParenthesis
                                                        text: )
                                              - kind: Comma
                                                text: ","
                                              - kind: Whitespace
                                                text: " "
                                              - kind: Argument
                                                children:
                                                  - kind: StringLiteralExpression
                                                    children:
                                                      - kind: StringLiteral
                                                        text: "\"&\""
                                              - kind: Comma
                                                text: ","
                                              - kind: Whitespace
                                                text: " "
                                              - kind: Argument
                                                children:
                                                  - kind: IdentifierExpression
                                                    children:
                                                      - kind: Identifier
                                                        text: vbNullString
                                          - kind: RightParenthesis
                                            text: )
                                      - kind: Newline
                                        text: "\n"
                                  - kind: Whitespace
                                    text: "    "
                          - kind: EndKeyword
                            text: End
                          - kind: Whitespace
                            text: " "
                          - kind: IfKeyword
                            text: If
                          - kind: Newline
                            text: "\n"
                  - kind: EndKeyword
                    text: End
                  - kind: Whitespace
                    text: " "
                  - kind: IfKeyword
                    text: If
                  - kind: Newline
                    text: "\n"
              - kind: Newline
                text: "\n"
              - kind: OnErrorStatement
                children:
                  - kind: OnKeyword
                    text: "On"
                  - kind: Whitespace
                    text: " "
                  - kind: ErrorKeyword
                    text: Error
                  - kind: Whitespace
                    text: " "
                  - kind: ResumeKeyword
                    text: Resume
                  - kind: Whitespace
                    text: " "
                  - kind: NextKeyword
                    text: Next
                  - kind: Newline
                    text: "\n"
              - kind: ForEachStatement
                children:
                  - kind: ForKeyword
                    text: For
                  - kind: Whitespace
                    text: " "
                  - kind: EachKeyword
                    text: Each
                  - kind: Whitespace
                    text: " "
                  - kind: Identifier
                    text: CurrentControl
                  - kind: Whitespace
                    text: " "
                  - kind: InKeyword
                    text: In
                  - kind: Whitespace
                    text: " "
                  - kind: Identifier
                    text: Frm
                  - kind: PeriodOperator
                    text: "."
                  - kind: Identifier
                    text: Controls
                  - kind: Newline
                    text: "\n"
                  - kind: StatementList
                    children:
                      - kind: IfStatement
                        children:
                          - kind: Whitespace
                            text: "    "
                          - kind: IfKeyword
                            text: If
                          - kind: Whitespace
                            text: " "
                          - kind: CallExpression
                            children:
                              - kind: MemberAccessExpression
                                children:
                                  - kind: Identifier
                                    text: StrExt
                                  - kind: PeriodOperator
                                    text: "."
                                  - kind: Identifier
                                    text: StartsWith
                              - kind: LeftParenthesis
                                text: (
                              - kind: ArgumentList
                                children:
                                  - kind: Argument
                                    children:
                                      - kind: StringLiteralExpression
                                        children:
                                          - kind: StringLiteral
                                            text: "\"menu\""
                                  - kind: Comma
                                    text: ","
                                  - kind: Whitespace
                                    text: " "
                                  - kind: Argument
                                    children:
                                      - kind: MemberAccessExpression
                                        children:
                                          - kind: Identifier
                                            text: CurrentControl
                                          - kind: PeriodOperator
                                            text: "."
                                          - kind: NameKeyword
                                            text: Name
                                  - kind: Comma
                                    text: ","
                                  - kind: Whitespace
                                    text: " "
                                  - kind: Argument
                                    children:
                                      - kind: BooleanLiteralExpression
                                        children:
                                          - kind: FalseKeyword
                                            text: "False"
                              - kind: RightParenthesis
                                text: )
                          - kind: Whitespace
                            text: " "
                          - kind: ThenKeyword
                            text: Then
                          - kind: Newline
                            text: "\n"
                          - kind: StatementList
                            children:
                              - kind: IfStatement
                                children:
                                  - kind: Whitespace
                                    text: "        "
                                  - kind: IfKeyword
                                    text: If
                                  - kind: Whitespace
                                    text: " "
                                  - kind: UnaryExpression
                                    children:
                                      - kind: NotKeyword
                                        text: Not
                                      - kind: Whitespace
                                        text: " "
                                      - kind: BinaryExpression
                                        children:
                                          - kind: MemberAccessExpression
                                            children:
                                              - kind: Identifier
                                                text: CurrentControl
                                              - kind: PeriodOperator
                                                text: "."
                                              - kind: Identifier
                                                text: HelpContextID
                                          - kind: Whitespace
                                            text: " "
                                          - kind: EqualityOperator
                                            text: "="
                                          - kind: Whitespace
                                            text: " "
                                          - kind: NumericLiteralExpression
                                            children:
                                              - kind: IntegerLiteral
                                                text: "0"
                                  - kind: Whitespace
                                    text: " "
                                  - kind: ThenKeyword
                                    text: Then
                                  - kind: Newline
                                    text: "\n"
                                  - kind: StatementList
                                    children:
                                      - kind: IfStatement
                                        children:
                                          - kind: Whitespace
                                            text: "            "
                                          - kind: IfKeyword
                                            text: If
                                          - kind: Whitespace
                                            text: " "
                                          - kind: IdentifierExpression
                                            children:
                                              - kind: Identifier
                                                text: UseMnemonic
                                          - kind: Whitespace
                                            text: " "
                                          - kind: ThenKeyword
                                            text: Then
                                          - kind: Newline
                                            text: "\n"
                                          - kind: StatementList
                                            children:
                                              - kind: Whitespace
                                                text: "                "
                                              - kind: AssignmentStatement
                                                children:
                                                  - kind: MemberAccessExpression
                                                    children:
                                                      - kind: Identifier
                                                        text: CurrentControl
                                                      - kind: PeriodOperator
                                                        text: "."
                                                      - kind: Identifier
                                                        text: Caption
                                                  - kind: Whitespace
                                                    text: " "
                                                  - kind: EqualityOperator
                                                    text: "="
                                                  - kind: Whitespace
                                                    text: " "
                                                  - kind: CallExpression
                                                    children:
                                                      - kind: Identifier
                                                        text: GetTranslation
                                                      - kind: LeftParenthesis
                                                        text: (
                                                      - kind: ArgumentList
                                                        children:
                                                          - kind: Argument
                                                            children:
                                                              - kind: MemberAccessExpression
                                                                children:
                                                                  - kind: Identifier
                                                                    text: CurrentControl
                                                                  - kind: PeriodOperator
                                                                    text: "."
                                                                  - kind: Identifier
                                                                    text: HelpContextID
                                                      - kind: RightParenthesis
                                                        text: )
                                                  - kind: Newline
                                                    text: "\n"
                                              - kind: Whitespace
                                                text: "            "
                                          - kind: ElseClause
                                            children:
                                              - kind: ElseKeyword
                                                text: Else
                                              - kind: Newline
                                                text: "\n"
                                              - kind: StatementList
                                                children:
                                                  - kind: Whitespace
                                                    text: "                "
                                                  - kind: AssignmentStatement
                                                    children:
                                                      - kind: MemberAccessExpression
                                                        children:
                                                          - kind: Identifier
                                                            text: CurrentControl
                                                          - kind: PeriodOperator
                                                            text: "."
                                                          - kind: Identifier
                                                            text: Caption
                                                      - kind: Whitespace
                                                        text: " "
                                                      - kind: EqualityOperator
                                                        text: "="
                                                      - kind: Whitespace
                                                        text: " "
                                                      - kind: CallExpression
                                                        children:
                                                          - kind: Identifier
                                                            text: Replace
                                                          - kind: LeftParenthesis
                                                            text: (
                                                          - kind: ArgumentList
                                                            children:
                                                              - kind: Argument
                                                                children:
                                                                  - kind: CallExpression
                                                                    children:
                                                                      - kind: Identifier
                                                                        text: GetTranslation
                                                                      - kind: LeftParenthesis
                                                                        text: (
                                                                      - kind: ArgumentList
                                                                        children:
                                                                          - kind: Argument
                                                                            children:
                                                                              - kind: MemberAccessExpression
                                                                                children:
                                                                                  - kind: Identifier
                                                                                    text: CurrentControl
                                                                                  - kind: PeriodOperator
                                                                                    text: "."
                                                                                  - kind: Identifier
                                                                                    text: HelpContextID
                                                                      - kind: RightParenthesis
                                                                        text: )
                                                              - kind: Comma
                                                                text: ","
                                                              - kind: Whitespace
                                                                text: " "
                                                              - kind: Argument
                                                                children:
                                                                  - kind: StringLiteralExpression
                                                                    children:
                                                                      - kind: StringLiteral
                                                                        text: "\"&\""
                                                              - kind: Comma
                                                                text: ","
                                                              - kind: Whitespace
                                                                text: " "
                                                              - kind: Argument
                                                                children:
                                                                  - kind: IdentifierExpression
                                                                    children:
                                                                      - kind: Identifier
                                                                        text: vbNullString
                                                          - kind: RightParenthesis
                                                            text: )
                                                      - kind: Newline
                                                        text: "\n"
                                                  - kind: Whitespace
                                                    text: "            "
                                          - kind: EndKeyword
                                            text: End
                                          - kind: Whitespace
                                            text: " "
                                          - kind: IfKeyword
                                            text: If
                                          - kind: Newline
                                            text: "\n"
                                      - kind: Whitespace
                                        text: "            "
                                      - kind: Newline
                                        text: "\n"
                                      - kind: Whitespace
                                        text: "            "
                                      - kind: AssignmentStatement
                                        children:
                                          - kind: IdentifierExpression
                                            children:
                                              - kind: Identifier
                                                text: MenuCount
                                          - kind: Whitespace
                                            text: " "
                                          - kind: EqualityOperator
                                            text: "="
                                          - kind: Whitespace
                                            text: " "
                                          - kind: BinaryExpression
                                            children:
                                              - kind: IdentifierExpression
                                                children:
                                                  - kind: Identifier
                                                    text: MenuCount
                                              - kind: Whitespace
                                                text: " "
                                              - kind: AdditionOperator
                                                text: +
                                              - kind: Whitespace
                                                text: " "
                                              - kind: NumericLiteralExpression
                                                children:
                                                  - kind: IntegerLiteral
                                                    text: "1"
                                          - kind: Newline
                                            text: "\n"
                                      - kind: Whitespace
                                        text: "        "
                                  - kind: EndKeyword
                                    text: End
                                  - kind: Whitespace
                                    text: " "
                                  - kind: IfKeyword
                                    text: If
                                  - kind: Newline
                                    text: "\n"
                              - kind: Whitespace
                                text: "    "
                          - kind: EndKeyword
                            text: End
                          - kind: Whitespace
                            text: " "
                          - kind: IfKeyword
                            text: If
                          - kind: Newline
                            text: "\n"
                      - kind: Whitespace
                        text: "    "
                      - kind: Newline
                        text: "\n"
                      - kind: IfStatement
                        children:
                          - kind: Whitespace
                            text: "    "
                          - kind: IfKeyword
                            text: If
                          - kind: Whitespace
                            text: " "
                          - kind: BinaryExpression
                            children:
                              - kind: CallExpression
                                children:
                                  - kind: Identifier
                                    text: InStr
                                  - kind: LeftParenthesis
                                    text: (
                                  - kind: ArgumentList
                                    children:
                                      - kind: Argument
                                        children:
                                          - kind: NumericLiteralExpression
                                            children:
                                              - kind: IntegerLiteral
                                                text: "1"
                                      - kind: Comma
                                        text: ","
                                      - kind: Whitespace
                                        text: " "
                                      - kind: Argument
                                        children:
                                          - kind: MemberAccessExpression
                                            children:
                                              - kind: Identifier
                                                text: CurrentControl
                                              - kind: PeriodOperator
                                                text: "."
                                              - kind: Identifier
                                                text: Caption
                                      - kind: Comma
                                        text: ","
                                      - kind: Whitespace
                                        text: " "
                                      - kind: Argument
                                        children:
                                          - kind: StringLiteralExpression
                                            children:
                                              - kind: StringLiteral
                                                text: "\"T(\""
                                  - kind: RightParenthesis
                                    text: )
                              - kind: Whitespace
                                text: " "
                              - kind: GreaterThanOperator
                                text: ">"
                              - kind: Whitespace
                                text: " "
                              - kind: NumericLiteralExpression
                                children:
                                  - kind: IntegerLiteral
                                    text: "0"
                          - kind: Whitespace
                            text: " "
                          - kind: ThenKeyword
                            text: Then
                          - kind: Newline
                            text: "\n"
                          - kind: StatementList
                            children:
                              - kind: Whitespace
                                text: "        "
                              - kind: DimStatement
                                children:
                                  - kind: DimKeyword
                                    text: Dim
                                  - kind: Whitespace
                                    text: " "
                                  - kind: Identifier
                                    text: TranslationId
                                  - kind: Whitespace
                                    text: " "
                                  - kind: AsKeyword
                                    text: As
                                  - kind: Whitespace
                                    text: " "
                                  - kind: IntegerKeyword
                                    text: Integer
                                  - kind: Newline
                                    text: "\n"
                              - kind: Whitespace
                                text: "        "
                              - kind: Newline
                                text: "\n"
                              - kind: Whitespace
                                text: "        "
                              - kind: AssignmentStatement
                                children:
                                  - kind: IdentifierExpression
                                    children:
                                      - kind: Identifier
                                        text: TranslationId
                                  - kind: Whitespace
                                    text: " "
                                  - kind: EqualityOperator
                                    text: "="
                                  - kind: Whitespace
                                    text: " "
                                  - kind: CallExpression
                                    children:
                                      - kind: Identifier
                                        text: Replace
                                      - kind: LeftParenthesis
                                        text: (
                                      - kind: ArgumentList
                                        children:
                                          - kind: Argument
                                            children:
                                              - kind: CallExpression
                                                children:
                                                  - kind: Identifier
                                                    text: Replace
                                                  - kind: LeftParenthesis
                                                    text: (
                                                  - kind: ArgumentList
                                                    children:
                                                      - kind: Argument
                                                        children:
                                                          - kind: MemberAccessExpression
                                                            children:
                                                              - kind: Identifier
                                                                text: CurrentControl
                                                              - kind: PeriodOperator
                                                                text: "."
                                                              - kind: Identifier
                                                                text: Caption
                                                      - kind: Comma
                                                        text: ","
                                                      - kind: Whitespace
                                                        text: " "
                                                      - kind: Argument
                                                        children:
                                                          - kind: StringLiteralExpression
                                                            children:
                                                              - kind: StringLiteral
                                                                text: "\")\""
                                                      - kind: Comma
                                                        text: ","
                                                      - kind: Whitespace
                                                        text: " "
                                                      - kind: Argument
                                                        children:
                                                          - kind: IdentifierExpression
                                                            children:
                                                              - kind: Identifier
                                                                text: vbNullString
                                                  - kind: RightParenthesis
                                                    text: )
                                          - kind: Comma
                                            text: ","
                                          - kind: Whitespace
                                            text: " "
                                          - kind: Argument
                                            children:
                                              - kind: StringLiteralExpression
                                                children:
                                                  - kind: StringLiteral
                                                    text: "\"T(\""
                                          - kind: Comma
                                            text: ","
                                          - kind: Whitespace
                                            text: " "
                                          - kind: Argument
                                            children:
                                              - kind: IdentifierExpression
                                                children:
                                                  - kind: Identifier
                                                    text: vbNullString
                                      - kind: RightParenthesis
                                        text: )
                                  - kind: Newline
                                    text: "\n"
                              - kind: Whitespace
                                text: "        "
                              - kind: AssignmentStatement
                                children:
                                  - kind: MemberAccessExpression
                                    children:
                                      - kind: Identifier
                                        text: CurrentControl
                                      - kind: PeriodOperator
                                        text: "."
                                      - kind: Identifier
                                        text: Caption
                                  - kind: Whitespace
                                    text: " "
                                  - kind: EqualityOperator
                                    text: "="
                                  - kind: Whitespace
                                    text: " "
                                  - kind: CallExpression
                                    children:
                                      - kind: Identifier
                                        text: GetTranslation
                                      - kind: LeftParenthesis
                                        text: (
                                      - kind: ArgumentList
                                        children:
                                          - kind: Argument
                                            children:
                                              - kind: IdentifierExpression
                                                children:
                                                  - kind: Identifier
                                                    text: TranslationId
                                      - kind: RightParenthesis
                                        text: )
                                  - kind: Newline
                                    text: "\n"
                              - kind: Whitespace
                                text: "        "
                              - kind: AssignmentStatement
                                children:
                                  - kind: IdentifierExpression
                                    children:
                                      - kind: Identifier
                                        text: ControlCount
                                  - kind: Whitespace
                                    text: " "
                                  - kind: EqualityOperator
                                    text: "="
                                  - kind: Whitespace
                                    text: " "
                                  - kind: BinaryExpression
                                    children:
                                      - kind: IdentifierExpression
                                        children:
                                          - kind: Identifier
                                            text: ControlCount
                                      - kind: Whitespace
                                        text: " "
                                      - kind: AdditionOperator
                                        text: +
                                      - kind: Whitespace
                                        text: " "
                                      - kind: NumericLiteralExpression
                                        children:
                                          - kind: IntegerLiteral
                                            text: "1"
                                  - kind: Newline
                                    text: "\n"
                              - kind: Whitespace
                                text: "    "
                          - kind: EndKeyword
                            text: End
                          - kind: Whitespace
                            text: " "
                          - kind: IfKeyword
                            text: If
                          - kind: Newline
                            text: "\n"
                  - kind: NextKeyword
                    text: Next
                  - kind: Newline
                    text: "\n"
              - kind: Newline
                text: "\n"
              - kind: CallStatement
                children:
                  - kind: CallKeyword
                    text: Call
                  - kind: Whitespace
                    text: " "
                  - kind: Identifier
                    text: AppLog
                  - kind: PeriodOperator
                    text: "."
                  - kind: Identifier
                    text: LogInfo
                  - kind: LeftParenthesis
                    text: (
                  - kind: ArgumentList
                    children:
                      - kind: Argument
                        children:
                          - kind: BinaryExpression
                            children:
                              - kind: BinaryExpression
                                children:
                                  - kind: BinaryExpression
                                    children:
                                      - kind: StringLiteralExpression
                                        children:
                                          - kind: StringLiteral
                                            text: "\"TranslateFormAndControls: Done - Menu's: \""
                                      - kind: Whitespace
                                        text: " "
                                      - kind: Ampersand
                                        text: "&"
                                      - kind: Whitespace
                                        text: " "
                                      - kind: IdentifierExpression
                                        children:
                                          - kind: Identifier
                                            text: MenuCount
                                  - kind: Whitespace
                                    text: " "
                                  - kind: Ampersand
                                    text: "&"
                                  - kind: Whitespace
                                    text: " "
                                  - kind: StringLiteralExpression
                                    children:
                                      - kind: StringLiteral
                                        text: "\" - Controls: \""
                              - kind: Whitespace
                                text: " "
                              - kind: Ampersand
                                text: "&"
                              - kind: Whitespace
                                text: " "
                              - kind: IdentifierExpression
                                children:
                                  - kind: Identifier
                                    text: ControlCount
                  - kind: RightParenthesis
                    text: )
                  - kind: Newline
                    text: "\n"
          - kind: EndKeyword
            text: End
          - kind: Whitespace
            text: " "
          - kind: SubKeyword
            text: Sub
          - kind: Newline
            text: "\n"
      - kind: FunctionStatement
        children:
          - kind: PublicKeyword
            text: Public
          - kind: Whitespace
            text: " "
          - kind: FunctionKeyword
            text: Function
          - kind: Whitespace
            text: " "
          - kind: Identifier
            text: SetLanguage
          - kind: ParameterList
            children:
              - kind: LeftParenthesis
                text: (
              - kind: Identifier
                text: Language
              - kind: Whitespace
                text: " "
              - kind: AsKeyword
                text: As
              - kind: Whitespace
                text: " "
              - kind: StringKeyword
                text: String
              - kind: RightParenthesis
                text: )
          - kind: Newline
            text: "\n"
          - kind: StatementList
            children:
              - kind: AssignmentStatement
                children:
                  - kind: IdentifierExpression
                    children:
                      - kind: Identifier
                        text: File
                  - kind: Whitespace
                    text: " "
                  - kind: EqualityOperator
                    text: "="
                  - kind: Whitespace
                    text: " "
                  - kind: BinaryExpression
                    children:
                      - kind: BinaryExpression
                        children:
                          - kind: BinaryExpression
                            children:
                              - kind: MemberAccessExpression
                                children:
                                  - kind: Identifier
                                    text: App
                                  - kind: PeriodOperator
                                    text: "."
                                  - kind: Identifier
                                    text: Path
                              - kind: Whitespace
                                text: " "
                              - kind: Ampersand
                                text: "&"
                              - kind: Whitespace
                                text: " "
                              - kind: StringLiteralExpression
                                children:
                                  - kind: StringLiteral
                                    text: "\"\\languages\\\""
                          - kind: Whitespace
                            text: " "
                          - kind: Ampersand
                            text: "&"
                          - kind: Whitespace
                            text: " "
                          - kind: IdentifierExpression
                            children:
                              - kind: Identifier
                                text: Language
                      - kind: Whitespace
                        text: " "
                      - kind: Ampersand
                        text: "&"
                      - kind: Whitespace
                        text: " "
                      - kind: StringLiteralExpression
                        children:
                          - kind: StringLiteral
                            text: "\".lng\""
                  - kind: Newline
                    text: "\n"
              - kind: AssignmentStatement
                children:
                  - kind: IdentifierExpression
                    children:
                      - kind: Identifier
                        text: Language
                  - kind: Whitespace
                    text: " "
                  - kind: EqualityOperator
                    text: "="
                  - kind: Whitespace
                    text: " "
                  - kind: IdentifierExpression
                    children:
                      - kind: Identifier
                        text: Language
                  - kind: Newline
                    text: "\n"
              - kind: Newline
                text: "\n"
              - kind: IfStatement
                children:
                  - kind: IfKeyword
                    text: If
                  - kind: Whitespace
                    text: " "
                  - kind: UnaryExpression
                    children:
                      - kind: NotKeyword
                        text: Not
                      - kind: Whitespace
                        text: " "
                      - kind: CallExpression
                        children:
                          - kind: MemberAccessExpression
                            children:
                              - kind: Identifier
                                text: Extensions
                              - kind: PeriodOperator
                                text: "."
                              - kind: Identifier
                                text: FileExists
                          - kind: LeftParenthesis
                            text: (
                          - kind: ArgumentList
                            children:
                              - kind: Argument
                                children:
                                  - kind: IdentifierExpression
                                    children:
                                      - kind: Identifier
                                        text: File
                          - kind: RightParenthesis
                            text: )
                  - kind: Whitespace
                    text: " "
                  - kind: ThenKeyword
                    text: Then
                  - kind: Whitespace
                    text: " "
                  - kind: CallStatement
                    children:
                      - kind: Identifier
                        text: MsgBox
                      - kind: Whitespace
                        text: " "
                      - kind: ArgumentList
                        children:
                          - kind: Argument
                            children:
                              - kind: BinaryExpression
                                children:
                                  - kind: BinaryExpression
                                    children:
                                      - kind: StringLiteralExpression
                                        children:
                                          - kind: StringLiteral
                                            text: "\"The specified language file could not be found: \""
                                      - kind: Whitespace
                                        text: " "
                                      - kind: Ampersand
                                        text: "&"
                                      - kind: Whitespace
                                        text: " "
                                      - kind: IdentifierExpression
                                        children:
                                          - kind: Identifier
                                            text: vbNewLine
                                  - kind: Whitespace
                                    text: " "
                                  - kind: Ampersand
                                    text: "&"
                                  - kind: Whitespace
                                    text: " "
                                  - kind: MemberAccessExpression
                                    children:
                                      - kind: Identifier
                                        text: modLanguage
                                      - kind: PeriodOperator
                                        text: "."
                                      - kind: Identifier
                                        text: File
                          - kind: Comma
                            text: ","
                          - kind: Whitespace
                            text: " "
                          - kind: Argument
                            children:
                              - kind: BinaryExpression
                                children:
                                  - kind: IdentifierExpression
                                    children:
                                      - kind: Identifier
                                        text: vbOKOnly
                                  - kind: Whitespace
                                    text: " "
                                  - kind: AdditionOperator
                                    text: +
                                  - kind: Whitespace
                                    text: " "
                                  - kind: IdentifierExpression
                                    children:
                                      - kind: Identifier
                                        text: vbExclamation
                          - kind: Comma
                            text: ","
                          - kind: Whitespace
                            text: " "
                          - kind: Argument
                            children:
                              - kind: StringLiteralExpression
                                children:
                                  - kind: StringLiteral
                                    text: "\"Error\""
                  - kind: ColonOperator
                    text: ":"
                  - kind: Whitespace
                    text: " "
                  - kind: EndKeyword
                    text: End
                  - kind: Newline
                    text: "\n"
              - kind: Newline
                text: "\n"
              - kind: CallStatement
                children:
                  - kind: CallKeyword
                    text: Call
                  - kind: Whitespace
                    text: " "
                  - kind: Identifier
                    text: AppLog
                  - kind: PeriodOperator
                    text: "."
                  - kind: Identifier
                    text: LogInfo
                  - kind: LeftParenthesis
                    text: (
                  - kind: ArgumentList
                    children:
                      - kind: Argument
                        children:
                          - kind: BinaryExpression
                            children:
                              - kind: BinaryExpression
                                children:
                                  - kind: BinaryExpression
                                    children:
                                      - kind: StringLiteralExpression
                                        children:
                                          - kind: StringLiteral
                                            text: "\"SetLanguage: \""
                                      - kind: Whitespace
                                        text: " "
                                      - kind: Ampersand
                                        text: "&"
                                      - kind: Whitespace
                                        text: " "
                                      - kind: IdentifierExpression
                                        children:
                                          - kind: Identifier
                                            text: File
                                  - kind: Whitespace
                                    text: " "
                                  - kind: Ampersand
                                    text: "&"
                                  - kind: Whitespace
                                    text: " "
                                  - kind: StringLiteralExpression
                                    children:
                                      - kind: StringLiteral
                                        text: "\" - \""
                              - kind: Whitespace
                                text: " "
                              - kind: Ampersand
                                text: "&"
                              - kind: Whitespace
                                text: " "
                              - kind: IdentifierExpression
                                children:
                                  - kind: Identifier
                                    text: Language
                  - kind: RightParenthesis
                    text: )
                  - kind: Newline
                    text: "\n"
          - kind: EndKeyword
            text: End
          - kind: Whitespace
            text: " "
          - kind: FunctionKeyword
            text: Function
          - kind: Newline
            text: "\n"
      - kind: FunctionStatement
        children:
          - kind: PublicKeyword
            text: Public
          - kind: Whitespace
            text: " "
          - kind: FunctionKeyword
            text: Function
          - kind: Whitespace
            text: " "
          - kind: Identifier
            text: GetTranslation
          - kind: ParameterList
            children:
              - kind: LeftParenthesis
                text: (
              - kind: Identifier
                text: TranslationId
              - kind: Whitespace
                text: " "
              - kind: AsKeyword
                text: As
              - kind: Whitespace
                text: " "
              - kind: IntegerKeyword
                text: Integer
              - kind: Comma
                text: ","
              - kind: Whitespace
                text: " "
              - kind: OptionalKeyword
                text: Optional
              - kind: Whitespace
                text: " "
              - kind: Identifier
                text: UseMnemonic
              - kind: Whitespace
                text: " "
              - kind: AsKeyword
                text: As
              - kind: Whitespace
                text: " "
              - kind: BooleanKeyword
                text: Boolean
              - kind: Whitespace
                text: " "
              - kind: EqualityOperator
                text: "="
              - kind: Whitespace
                text: " "
              - kind: BooleanLiteralExpression
                children:
                  - kind: TrueKeyword
                    text: "True"
              - kind: RightParenthesis
                text: )
          - kind: Whitespace
            text: " "
          - kind: AsKeyword
            text: As
          - kind: Whitespace
            text: " "
          - kind: StringKeyword
            text: String
          - kind: Newline
            text: "\n"
          - kind: StatementList
            children:
              - kind: AssignmentStatement
                children:
                  - kind: IdentifierExpression
                    children:
                      - kind: Identifier
                        text: GetTranslation
                  - kind: Whitespace
                    text: " "
                  - kind: EqualityOperator
                    text: "="
                  - kind: Whitespace
                    text: " "
                  - kind: CallExpression
                    children:
                      - kind: MemberAccessExpression
                        children:
                          - kind: Identifier
                            text: Extensions
                          - kind: PeriodOperator
                            text: "."
                          - kind: Identifier
                            text: INIRead
                      - kind: LeftParenthesis
                        text: (
                      - kind: ArgumentList
                        children:
                          - kind: Argument
                            children:
                              - kind: StringLiteralExpression
                                children:
                                  - kind: StringLiteral
                                    text: "\"language\""
                          - kind: Comma
                            text: ","
                          - kind: Whitespace
                            text: " "
                          - kind: Argument
                            children:
                              - kind: CallExpression
                                children:
                                  - kind: Identifier
                                    text: Str
                                  - kind: LeftParenthesis
                                    text: (
                                  - kind: ArgumentList
                                    children:
                                      - kind: Argument
                                        children:
                                          - kind: IdentifierExpression
                                            children:
                                              - kind: Identifier
                                                text: TranslationId
                                  - kind: RightParenthesis
                                    text: )
                          - kind: Comma
                            text: ","
                          - kind: Whitespace
                            text: " "
                          - kind: Argument
                            children:
                              - kind: IdentifierExpression
                                children:
                                  - kind: Identifier
                                    text: File
                      - kind: RightParenthesis
                        text: )
                  - kind: Newline
                    text: "\n"
              - kind: Newline
                text: "\n"
              - kind: IfStatement
                children:
                  - kind: IfKeyword
                    text: If
                  - kind: Whitespace
                    text: " "
                  - kind: UnaryExpression
                    children:
                      - kind: NotKeyword
                        text: Not
                      - kind: Whitespace
                        text: " "
                      - kind: IdentifierExpression
                        children:
                          - kind: Identifier
                            text: UseMnemonic
                  - kind: Whitespace
                    text: " "
                  - kind: ThenKeyword
                    text: Then
                  - kind: ColonOperator
                    text: ":"
                  - kind: Whitespace
                    text: " "
                  - kind: AssignmentStatement
                    children:
                      - kind: IdentifierExpression
                        children:
                          - kind: Identifier
                            text: GetTranslation
                      - kind: Whitespace
                        text: " "
                      - kind: EqualityOperator
                        text: "="
                      - kind: Whitespace
                        text: " "
                      - kind: CallExpression
                        children:
                          - kind: Identifier
                            text: Replace
                          - kind: LeftParenthesis
                            text: (
                          - kind: ArgumentList
                            children:
                              - kind: Argument
                                children:
                                  - kind: IdentifierExpression
                                    children:
                                      - kind: Identifier
                                        text: GetTranslation
                              - kind: Comma
                                text: ","
                              - kind: Whitespace
                                text: " "
                              - kind: Argument
                                children:
                                  - kind: StringLiteralExpression
                                    children:
                                      - kind: StringLiteral
                                        text: "\"&\""
                              - kind: Comma
                                text: ","
                              - kind: Whitespace
                                text: " "
                              - kind: Argument
                                children:
                                  - kind: IdentifierExpression
                                    children:
                                      - kind: Identifier
                                        text: vbNullString
                          - kind: RightParenthesis
                            text: )
                      - kind: Newline
                        text: "\n"
                  - kind: Newline
                    text: "\n"
              - kind: AssignmentStatement
                children:
                  - kind: IdentifierExpression
                    children:
                      - kind: Identifier
                        text: GetTranslation
                  - kind: Whitespace
                    text: " "
                  - kind: EqualityOperator
                    text: "="
                  - kind: Whitespace
                    text: " "
                  - kind: CallExpression
                    children:
                      - kind: Identifier
                        text: Replace
                      - kind: LeftParenthesis
                        text: (
                      - kind: ArgumentList
                        children:
                          - kind: Argument
                            children:
                              - kind: IdentifierExpression
                                children:
                                  - kind: Identifier
                                    text: GetTranslation
                          - kind: Comma
                            text: ","
                          - kind: Whitespace
                            text: " "
                          - kind: Argument
                            children:
                              - kind: StringLiteralExpression
                                children:
                                  - kind: StringLiteral
                                    text: "\"\\n\""
                          - kind: Comma
                            text: ","
                          - kind: Whitespace
                            text: " "
                          - kind: Argument
                            children:
                              - kind: IdentifierExpression
                                children:
                                  - kind: Identifier
                                    text: vbNewLine
                      - kind: RightParenthesis
                        text: )
                  - kind: Newline
                    text: "\n"
          - kind: EndKeyword
            text: End
          - kind: Whitespace
            text: " "
          - kind: FunctionKeyword
            text: Function
          - kind: Newline
            text: "\n"
