---
source: projects/vb6parse/src/syntax/statements/file_operations/write.rs
expression: tree
---
root:
  kind: Root
  children:
    - kind: Newline
      text: "\n"
    - kind: WriteStatement
      children:
        - kind: WriteKeyword
          text: Write
        - kind: Whitespace
          text: " "
        - kind: IdentifierExpression
          children:
            - kind: Octothorpe
              text: "#"
            - kind: IntegerLiteral
              text: "1"
        - kind: Comma
          text: ","
        - kind: Whitespace
          text: " "
        - kind: ArgumentList
          children:
            - kind: Argument
              children:
                - kind: StringLiteralExpression
                  children:
                    - kind: StringLiteral
                      text: "\"data\""
    - kind: Newline
      text: "\n"
