---
source: projects/vb6parse/tests/invalid_syntax/missing_keywords.rs
expression: failure_messages
---
- "ErrorDetails { source_name: \"test.bas\", source_content: \"\\nSub Test()\\n    Do While x > 0\\n        x = x - 1\\nEnd Sub\\n\", error_offset: 56, line_start: 5, line_end: 6, kind: Parser(UnexpectedTokens { expected: [\"statement\"], found: [EndKeyword, Whitespace, SubKeyword] }), severity: Error, labels: [], notes: [] }"
