---
source: projects/vb6parse/tests/file_operations/input.rs
expression: tree
---
root:
  kind: Root
  children:
    - kind: Whitespace
      text: "    "
    - kind: InputStatement
      children:
        - kind: InputKeyword
          text: Input
        - kind: Whitespace
          text: "    "
        - kind: IdentifierExpression
          children:
            - kind: Octothorpe
              text: "#"
            - kind: IntegerLiteral
              text: "1"
        - kind: Whitespace
          text: "  "
        - kind: Comma
          text: ","
        - kind: Whitespace
          text: "  "
        - kind: ArgumentList
          children:
            - kind: Argument
              children:
                - kind: IdentifierExpression
                  children:
                    - kind: NameKeyword
                      text: name
            - kind: Whitespace
              text: "  "
            - kind: Comma
              text: ","
            - kind: Whitespace
              text: "  "
            - kind: Argument
              children:
                - kind: IdentifierExpression
                  children:
                    - kind: Identifier
                      text: age
            - kind: Whitespace
              text: "    "
    - kind: Newline
      text: "\n"
